main.c:173:6:Set_Key	0	static
main.c:194:6:PWM_SetValue	0	static
main.c:214:10:SPI2_SendRec	32	static
main.c:226:6:DRV8305_Init	8	static
main.c:235:6:ADC_VSense_Read	16	static
main.c:251:6:ADC_Joy_Read	8	static
main.c:261:9:DRV8305_Overcurrent_Sense	8	static
main.c:278:9:HAL_Sense	8	static
main.c:297:15:Regulacja_PI	8	static
main.c:331:6:Rotate	40	static
main.c:400:6:Check_And_Rotate	8	static
main.c:415:6:HAL_TIM_PeriodElapsedCallback	0	static
main.c:513:6:SystemClock_Config	112	static
main.c:435:5:main	72	static
main.c:955:6:_Error_Handler	0	static
