stm32f4xx_hal_msp.c:59:6:HAL_MspInit	16	static
stm32f4xx_hal_msp.c:91:6:HAL_ADC_MspInit	48	static
stm32f4xx_hal_msp.c:146:6:HAL_ADC_MspDeInit	8	static
stm32f4xx_hal_msp.c:191:6:HAL_I2C_MspInit	32	static
stm32f4xx_hal_msp.c:221:6:HAL_I2C_MspDeInit	0	static
stm32f4xx_hal_msp.c:245:6:HAL_I2S_MspInit	40	static
stm32f4xx_hal_msp.c:284:6:HAL_I2S_MspDeInit	8	static
stm32f4xx_hal_msp.c:312:6:HAL_SPI_MspInit	56	static
stm32f4xx_hal_msp.c:375:6:HAL_SPI_MspDeInit	8	static
stm32f4xx_hal_msp.c:422:6:HAL_TIM_PWM_MspInit	8	static
stm32f4xx_hal_msp.c:439:6:HAL_TIM_Base_MspInit	16	static
stm32f4xx_hal_msp.c:473:6:HAL_TIM_MspPostInit	32	static
stm32f4xx_hal_msp.c:502:6:HAL_TIM_PWM_MspDeInit	0	static
stm32f4xx_hal_msp.c:519:6:HAL_TIM_Base_MspDeInit	0	static
