Archive member included to satisfy reference by file (symbol)

c:/program files (x86)/atollic/truestudio for stm32 9.0.1/armtools/bin/../lib/gcc/arm-atollic-eabi/6.3.1/../../../../arm-atollic-eabi/lib/armv7e-m/fpu\libc_nano.a(lib_a-init.o)
                              startup\startup_stm32f407xx.o (__libc_init_array)
c:/program files (x86)/atollic/truestudio for stm32 9.0.1/armtools/bin/../lib/gcc/arm-atollic-eabi/6.3.1/../../../../arm-atollic-eabi/lib/armv7e-m/fpu\libc_nano.a(lib_a-malloc.o)
                              Middlewares\ST\STM32_USB_Host_Library\Class\CDC\Src\usbh_cdc.o (malloc)
c:/program files (x86)/atollic/truestudio for stm32 9.0.1/armtools/bin/../lib/gcc/arm-atollic-eabi/6.3.1/../../../../arm-atollic-eabi/lib/armv7e-m/fpu\libc_nano.a(lib_a-nano-freer.o)
                              c:/program files (x86)/atollic/truestudio for stm32 9.0.1/armtools/bin/../lib/gcc/arm-atollic-eabi/6.3.1/../../../../arm-atollic-eabi/lib/armv7e-m/fpu\libc_nano.a(lib_a-malloc.o) (_free_r)
c:/program files (x86)/atollic/truestudio for stm32 9.0.1/armtools/bin/../lib/gcc/arm-atollic-eabi/6.3.1/../../../../arm-atollic-eabi/lib/armv7e-m/fpu\libc_nano.a(lib_a-nano-mallocr.o)
                              c:/program files (x86)/atollic/truestudio for stm32 9.0.1/armtools/bin/../lib/gcc/arm-atollic-eabi/6.3.1/../../../../arm-atollic-eabi/lib/armv7e-m/fpu\libc_nano.a(lib_a-malloc.o) (_malloc_r)
c:/program files (x86)/atollic/truestudio for stm32 9.0.1/armtools/bin/../lib/gcc/arm-atollic-eabi/6.3.1/../../../../arm-atollic-eabi/lib/armv7e-m/fpu\libc_nano.a(lib_a-sbrkr.o)
                              c:/program files (x86)/atollic/truestudio for stm32 9.0.1/armtools/bin/../lib/gcc/arm-atollic-eabi/6.3.1/../../../../arm-atollic-eabi/lib/armv7e-m/fpu\libc_nano.a(lib_a-nano-mallocr.o) (_sbrk_r)
c:/program files (x86)/atollic/truestudio for stm32 9.0.1/armtools/bin/../lib/gcc/arm-atollic-eabi/6.3.1/../../../../arm-atollic-eabi/lib/armv7e-m/fpu\libc_nano.a(lib_a-impure.o)
                              c:/program files (x86)/atollic/truestudio for stm32 9.0.1/armtools/bin/../lib/gcc/arm-atollic-eabi/6.3.1/../../../../arm-atollic-eabi/lib/armv7e-m/fpu\libc_nano.a(lib_a-malloc.o) (_impure_ptr)
c:/program files (x86)/atollic/truestudio for stm32 9.0.1/armtools/bin/../lib/gcc/arm-atollic-eabi/6.3.1/../../../../arm-atollic-eabi/lib/armv7e-m/fpu\libc_nano.a(lib_a-mlock.o)
                              c:/program files (x86)/atollic/truestudio for stm32 9.0.1/armtools/bin/../lib/gcc/arm-atollic-eabi/6.3.1/../../../../arm-atollic-eabi/lib/armv7e-m/fpu\libc_nano.a(lib_a-nano-freer.o) (__malloc_lock)
c:/program files (x86)/atollic/truestudio for stm32 9.0.1/armtools/bin/../lib/gcc/arm-atollic-eabi/6.3.1/../../../../arm-atollic-eabi/lib/armv7e-m/fpu\libc_nano.a(lib_a-reent.o)
                              c:/program files (x86)/atollic/truestudio for stm32 9.0.1/armtools/bin/../lib/gcc/arm-atollic-eabi/6.3.1/../../../../arm-atollic-eabi/lib/armv7e-m/fpu\libc_nano.a(lib_a-sbrkr.o) (errno)
c:/program files (x86)/atollic/truestudio for stm32 9.0.1/armtools/bin/../lib/gcc/arm-atollic-eabi/6.3.1/armv7e-m/fpu\libgcc.a(_arm_addsubdf3.o)
                              Src\main.o (__aeabi_dadd)
c:/program files (x86)/atollic/truestudio for stm32 9.0.1/armtools/bin/../lib/gcc/arm-atollic-eabi/6.3.1/armv7e-m/fpu\libgcc.a(_arm_muldivdf3.o)
                              Src\main.o (__aeabi_dmul)
c:/program files (x86)/atollic/truestudio for stm32 9.0.1/armtools/bin/../lib/gcc/arm-atollic-eabi/6.3.1/armv7e-m/fpu\libgcc.a(_arm_fixunsdfsi.o)
                              Src\main.o (__aeabi_d2uiz)
c:/program files (x86)/atollic/truestudio for stm32 9.0.1/armtools/bin/../lib/gcc/arm-atollic-eabi/6.3.1/armv7e-m/fpu\libgcc.a(_aeabi_uldivmod.o)
                              Drivers\STM32F4xx_HAL_Driver\Src\stm32f4xx_hal_rcc.o (__aeabi_uldivmod)
c:/program files (x86)/atollic/truestudio for stm32 9.0.1/armtools/bin/../lib/gcc/arm-atollic-eabi/6.3.1/armv7e-m/fpu\libgcc.a(_udivmoddi4.o)
                              c:/program files (x86)/atollic/truestudio for stm32 9.0.1/armtools/bin/../lib/gcc/arm-atollic-eabi/6.3.1/armv7e-m/fpu\libgcc.a(_aeabi_uldivmod.o) (__udivmoddi4)
c:/program files (x86)/atollic/truestudio for stm32 9.0.1/armtools/bin/../lib/gcc/arm-atollic-eabi/6.3.1/armv7e-m/fpu\libgcc.a(_dvmd_tls.o)
                              c:/program files (x86)/atollic/truestudio for stm32 9.0.1/armtools/bin/../lib/gcc/arm-atollic-eabi/6.3.1/armv7e-m/fpu\libgcc.a(_aeabi_uldivmod.o) (__aeabi_ldiv0)
c:/program files (x86)/atollic/truestudio for stm32 9.0.1/armtools/bin/../lib/gcc/arm-atollic-eabi/6.3.1/../../../../arm-atollic-eabi/lib/armv7e-m/fpu\libnosys.a(sbrk.o)
                              c:/program files (x86)/atollic/truestudio for stm32 9.0.1/armtools/bin/../lib/gcc/arm-atollic-eabi/6.3.1/../../../../arm-atollic-eabi/lib/armv7e-m/fpu\libc_nano.a(lib_a-sbrkr.o) (_sbrk)

Allocating common symbols
[...]
Memory Configuration

Name             Origin             Length             Attributes
RAM              0x20000000         0x00020000         xrw
CCMRAM           0x10000000         0x00010000         rw
FLASH            0x08000000         0x00100000         xr
*default*        0x00000000         0xffffffff

Linker script and memory map

LOAD c:/program files (x86)/atollic/truestudio for stm32 9.0.1/armtools/bin/../lib/gcc/arm-atollic-eabi/6.3.1/armv7e-m/fpu/crti.o
LOAD c:/program files (x86)/atollic/truestudio for stm32 9.0.1/armtools/bin/../lib/gcc/arm-atollic-eabi/6.3.1/armv7e-m/fpu/crtbegin.o
LOAD Drivers\STM32F4xx_HAL_Driver\Src\stm32f4xx_hal.o
LOAD Drivers\STM32F4xx_HAL_Driver\Src\stm32f4xx_hal_adc.o
LOAD Drivers\STM32F4xx_HAL_Driver\Src\stm32f4xx_hal_adc_ex.o
LOAD Drivers\STM32F4xx_HAL_Driver\Src\stm32f4xx_hal_cortex.o
LOAD Drivers\STM32F4xx_HAL_Driver\Src\stm32f4xx_hal_dma.o
LOAD Drivers\STM32F4xx_HAL_Driver\Src\stm32f4xx_hal_dma_ex.o
LOAD Drivers\STM32F4xx_HAL_Driver\Src\stm32f4xx_hal_flash.o
LOAD Drivers\STM32F4xx_HAL_Driver\Src\stm32f4xx_hal_flash_ex.o
LOAD Drivers\STM32F4xx_HAL_Driver\Src\stm32f4xx_hal_flash_ramfunc.o
LOAD Drivers\STM32F4xx_HAL_Driver\Src\stm32f4xx_hal_gpio.o
LOAD Drivers\STM32F4xx_HAL_Driver\Src\stm32f4xx_hal_hcd.o
LOAD Drivers\STM32F4xx_HAL_Driver\Src\stm32f4xx_hal_i2c.o
LOAD Drivers\STM32F4xx_HAL_Driver\Src\stm32f4xx_hal_i2c_ex.o
LOAD Drivers\STM32F4xx_HAL_Driver\Src\stm32f4xx_hal_i2s.o
LOAD Drivers\STM32F4xx_HAL_Driver\Src\stm32f4xx_hal_i2s_ex.o
LOAD Drivers\STM32F4xx_HAL_Driver\Src\stm32f4xx_hal_pwr.o
LOAD Drivers\STM32F4xx_HAL_Driver\Src\stm32f4xx_hal_pwr_ex.o
LOAD Drivers\STM32F4xx_HAL_Driver\Src\stm32f4xx_hal_rcc.o
LOAD Drivers\STM32F4xx_HAL_Driver\Src\stm32f4xx_hal_rcc_ex.o
LOAD Drivers\STM32F4xx_HAL_Driver\Src\stm32f4xx_hal_spi.o
LOAD Drivers\STM32F4xx_HAL_Driver\Src\stm32f4xx_hal_tim.o
LOAD Drivers\STM32F4xx_HAL_Driver\Src\stm32f4xx_hal_tim_ex.o
LOAD Drivers\STM32F4xx_HAL_Driver\Src\stm32f4xx_ll_usb.o
LOAD Middlewares\ST\STM32_USB_Host_Library\Class\CDC\Src\usbh_cdc.o
LOAD Middlewares\ST\STM32_USB_Host_Library\Core\Src\usbh_core.o
LOAD Middlewares\ST\STM32_USB_Host_Library\Core\Src\usbh_ctlreq.o
LOAD Middlewares\ST\STM32_USB_Host_Library\Core\Src\usbh_ioreq.o
LOAD Middlewares\ST\STM32_USB_Host_Library\Core\Src\usbh_pipes.o
LOAD Src\main.o
LOAD Src\stm32f4xx_hal_msp.o
LOAD Src\stm32f4xx_it.o
LOAD Src\system_stm32f4xx.o
LOAD Src\usb_host.o
LOAD Src\usbh_conf.o
LOAD Src\usbh_platform.o
LOAD startup\startup_stm32f407xx.o
                0x00000080                malloc_getpagesize_P = 0x80
START GROUP
LOAD c:/program files (x86)/atollic/truestudio for stm32 9.0.1/armtools/bin/../lib/gcc/arm-atollic-eabi/6.3.1/../../../../arm-atollic-eabi/lib/armv7e-m/fpu\libc_nano.a
LOAD c:/program files (x86)/atollic/truestudio for stm32 9.0.1/armtools/bin/../lib/gcc/arm-atollic-eabi/6.3.1/../../../../arm-atollic-eabi/lib/armv7e-m/fpu\libm.a
END GROUP
START GROUP
LOAD c:/program files (x86)/atollic/truestudio for stm32 9.0.1/armtools/bin/../lib/gcc/arm-atollic-eabi/6.3.1/armv7e-m/fpu\libgcc.a
LOAD c:/program files (x86)/atollic/truestudio for stm32 9.0.1/armtools/bin/../lib/gcc/arm-atollic-eabi/6.3.1/../../../../arm-atollic-eabi/lib/armv7e-m/fpu\libc_nano.a
END GROUP
START GROUP
LOAD c:/program files (x86)/atollic/truestudio for stm32 9.0.1/armtools/bin/../lib/gcc/arm-atollic-eabi/6.3.1/armv7e-m/fpu\libgcc.a
LOAD c:/program files (x86)/atollic/truestudio for stm32 9.0.1/armtools/bin/../lib/gcc/arm-atollic-eabi/6.3.1/../../../../arm-atollic-eabi/lib/armv7e-m/fpu\libc_nano.a
LOAD c:/program files (x86)/atollic/truestudio for stm32 9.0.1/armtools/bin/../lib/gcc/arm-atollic-eabi/6.3.1/../../../../arm-atollic-eabi/lib/armv7e-m/fpu\libnosys.a
END GROUP
START GROUP
LOAD c:/program files (x86)/atollic/truestudio for stm32 9.0.1/armtools/bin/../lib/gcc/arm-atollic-eabi/6.3.1/armv7e-m/fpu\libgcc.a
LOAD c:/program files (x86)/atollic/truestudio for stm32 9.0.1/armtools/bin/../lib/gcc/arm-atollic-eabi/6.3.1/../../../../arm-atollic-eabi/lib/armv7e-m/fpu\libc_nano.a
LOAD c:/program files (x86)/atollic/truestudio for stm32 9.0.1/armtools/bin/../lib/gcc/arm-atollic-eabi/6.3.1/../../../../arm-atollic-eabi/lib/armv7e-m/fpu\libnosys.a
END GROUP
LOAD c:/program files (x86)/atollic/truestudio for stm32 9.0.1/armtools/bin/../lib/gcc/arm-atollic-eabi/6.3.1/armv7e-m/fpu/crtend.o
LOAD c:/program files (x86)/atollic/truestudio for stm32 9.0.1/armtools/bin/../lib/gcc/arm-atollic-eabi/6.3.1/armv7e-m/fpu/crtn.o
                0x20020000                _estack = 0x20020000
                0x00000200                _Min_Heap_Size = 0x200
                0x00000400                _Min_Stack_Size = 0x400

.isr_vector     0x08000000      0x188
                0x08000000                . = ALIGN (0x4)
 *(.isr_vector)
 .isr_vector    0x08000000      0x188 startup\startup_stm32f407xx.o
                0x08000000                g_pfnVectors
                0x08000188                . = ALIGN (0x4)

.text           0x08000188     0x57c0
                0x08000188                . = ALIGN (0x4)
 *(.text)
 .text          0x08000188       0x40 c:/program files (x86)/atollic/truestudio for stm32 9.0.1/armtools/bin/../lib/gcc/arm-atollic-eabi/6.3.1/armv7e-m/fpu/crtbegin.o
 .text          0x080001c8      0x370 c:/program files (x86)/atollic/truestudio for stm32 9.0.1/armtools/bin/../lib/gcc/arm-atollic-eabi/6.3.1/armv7e-m/fpu\libgcc.a(_arm_addsubdf3.o)
                0x080001c8                __aeabi_drsub
                0x080001d0                __aeabi_dsub
                0x080001d0                __subdf3
                0x080001d4                __aeabi_dadd
                0x080001d4                __adddf3
                0x0800044c                __floatunsidf
                0x0800044c                __aeabi_ui2d
                0x0800046c                __floatsidf
                0x0800046c                __aeabi_i2d
                0x08000490                __aeabi_f2d
                0x08000490                __extendsfdf2
                0x080004cc                __floatundidf
                0x080004cc                __aeabi_ul2d
                0x080004dc                __floatdidf
                0x080004dc                __aeabi_l2d
 .text          0x08000538      0x424 c:/program files (x86)/atollic/truestudio for stm32 9.0.1/armtools/bin/../lib/gcc/arm-atollic-eabi/6.3.1/armv7e-m/fpu\libgcc.a(_arm_muldivdf3.o)
                0x08000538                __aeabi_dmul
                0x08000538                __muldf3
                0x0800078c                __divdf3
                0x0800078c                __aeabi_ddiv
 .text          0x0800095c       0x40 c:/program files (x86)/atollic/truestudio for stm32 9.0.1/armtools/bin/../lib/gcc/arm-atollic-eabi/6.3.1/armv7e-m/fpu\libgcc.a(_arm_fixunsdfsi.o)
                0x0800095c                __aeabi_d2uiz
                0x0800095c                __fixunsdfsi
 .text          0x0800099c       0x30 c:/program files (x86)/atollic/truestudio for stm32 9.0.1/armtools/bin/../lib/gcc/arm-atollic-eabi/6.3.1/armv7e-m/fpu\libgcc.a(_aeabi_uldivmod.o)
                0x0800099c                __aeabi_uldivmod
 .text          0x080009cc      0x2dc c:/program files (x86)/atollic/truestudio for stm32 9.0.1/armtools/bin/../lib/gcc/arm-atollic-eabi/6.3.1/armv7e-m/fpu\libgcc.a(_udivmoddi4.o)
                0x080009cc                __udivmoddi4
 .text          0x08000ca8        0x4 c:/program files (x86)/atollic/truestudio for stm32 9.0.1/armtools/bin/../lib/gcc/arm-atollic-eabi/6.3.1/armv7e-m/fpu\libgcc.a(_dvmd_tls.o)
                0x08000ca8                __aeabi_idiv0
                0x08000ca8                __aeabi_ldiv0
 *(.text*)
 .text.HAL_InitTick
                0x08000cac       0x48 Drivers\STM32F4xx_HAL_Driver\Src\stm32f4xx_hal.o
                0x08000cac                HAL_InitTick
 .text.HAL_Init
                0x08000cf4       0x34 Drivers\STM32F4xx_HAL_Driver\Src\stm32f4xx_hal.o
                0x08000cf4                HAL_Init
 .text.HAL_IncTick
                0x08000d28       0x18 Drivers\STM32F4xx_HAL_Driver\Src\stm32f4xx_hal.o
                0x08000d28                HAL_IncTick
 .text.HAL_GetTick
                0x08000d40        0xc Drivers\STM32F4xx_HAL_Driver\Src\stm32f4xx_hal.o
                0x08000d40                HAL_GetTick
 .text.HAL_Delay
                0x08000d4c       0x28 Drivers\STM32F4xx_HAL_Driver\Src\stm32f4xx_hal.o
                0x08000d4c                HAL_Delay
 .text.HAL_ADC_Init
                0x08000d74      0x148 Drivers\STM32F4xx_HAL_Driver\Src\stm32f4xx_hal_adc.o
                0x08000d74                HAL_ADC_Init
 .text.HAL_ADC_Start
                0x08000ebc       0xc0 Drivers\STM32F4xx_HAL_Driver\Src\stm32f4xx_hal_adc.o
                0x08000ebc                HAL_ADC_Start
 .text.HAL_ADC_Stop
                0x08000f7c       0x3c Drivers\STM32F4xx_HAL_Driver\Src\stm32f4xx_hal_adc.o
                0x08000f7c                HAL_ADC_Stop
 .text.HAL_ADC_PollForConversion
                0x08000fb8       0xa0 Drivers\STM32F4xx_HAL_Driver\Src\stm32f4xx_hal_adc.o
                0x08000fb8                HAL_ADC_PollForConversion
 .text.HAL_ADC_GetValue
                0x08001058        0x6 Drivers\STM32F4xx_HAL_Driver\Src\stm32f4xx_hal_adc.o
                0x08001058                HAL_ADC_GetValue
 *fill*         0x0800105e        0x2 
 .text.HAL_ADC_ConfigChannel
                0x08001060      0x12c Drivers\STM32F4xx_HAL_Driver\Src\stm32f4xx_hal_adc.o
                0x08001060                HAL_ADC_ConfigChannel
 .text.HAL_NVIC_SetPriorityGrouping
                0x0800118c       0x24 Drivers\STM32F4xx_HAL_Driver\Src\stm32f4xx_hal_cortex.o
                0x0800118c                HAL_NVIC_SetPriorityGrouping
 .text.HAL_NVIC_SetPriority
                0x080011b0       0x68 Drivers\STM32F4xx_HAL_Driver\Src\stm32f4xx_hal_cortex.o
                0x080011b0                HAL_NVIC_SetPriority
 .text.HAL_NVIC_EnableIRQ
                0x08001218       0x18 Drivers\STM32F4xx_HAL_Driver\Src\stm32f4xx_hal_cortex.o
                0x08001218                HAL_NVIC_EnableIRQ
 .text.HAL_SYSTICK_Config
                0x08001230       0x2c Drivers\STM32F4xx_HAL_Driver\Src\stm32f4xx_hal_cortex.o
                0x08001230                HAL_SYSTICK_Config
 .text.HAL_SYSTICK_CLKSourceConfig
                0x0800125c       0x18 Drivers\STM32F4xx_HAL_Driver\Src\stm32f4xx_hal_cortex.o
                0x0800125c                HAL_SYSTICK_CLKSourceConfig
 .text.HAL_SYSTICK_Callback
                0x08001274        0x2 Drivers\STM32F4xx_HAL_Driver\Src\stm32f4xx_hal_cortex.o
                0x08001274                HAL_SYSTICK_Callback
 .text.HAL_SYSTICK_IRQHandler
                0x08001276        0x8 Drivers\STM32F4xx_HAL_Driver\Src\stm32f4xx_hal_cortex.o
                0x08001276                HAL_SYSTICK_IRQHandler
 *fill*         0x0800127e        0x2 
 .text.HAL_GPIO_Init
                0x08001280      0x1c0 Drivers\STM32F4xx_HAL_Driver\Src\stm32f4xx_hal_gpio.o
                0x08001280                HAL_GPIO_Init
 .text.HAL_GPIO_ReadPin
                0x08001440        0xc Drivers\STM32F4xx_HAL_Driver\Src\stm32f4xx_hal_gpio.o
                0x08001440                HAL_GPIO_ReadPin
 .text.HAL_GPIO_WritePin
                0x0800144c        0xa Drivers\STM32F4xx_HAL_Driver\Src\stm32f4xx_hal_gpio.o
                0x0800144c                HAL_GPIO_WritePin
 .text.HAL_GPIO_TogglePin
                0x08001456        0x8 Drivers\STM32F4xx_HAL_Driver\Src\stm32f4xx_hal_gpio.o
                0x08001456                HAL_GPIO_TogglePin
 .text.HAL_HCD_HC_Init
                0x0800145e       0x62 Drivers\STM32F4xx_HAL_Driver\Src\stm32f4xx_hal_hcd.o
                0x0800145e                HAL_HCD_HC_Init
 .text.HAL_HCD_HC_Halt
                0x080014c0       0x24 Drivers\STM32F4xx_HAL_Driver\Src\stm32f4xx_hal_hcd.o
                0x080014c0                HAL_HCD_HC_Halt
 .text.HAL_HCD_Init
                0x080014e4       0x78 Drivers\STM32F4xx_HAL_Driver\Src\stm32f4xx_hal_hcd.o
                0x080014e4                HAL_HCD_Init
 .text.HAL_HCD_HC_SubmitRequest
                0x0800155c      0x100 Drivers\STM32F4xx_HAL_Driver\Src\stm32f4xx_hal_hcd.o
                0x0800155c                HAL_HCD_HC_SubmitRequest
 .text.HAL_HCD_IRQHandler
                0x0800165c      0x61c Drivers\STM32F4xx_HAL_Driver\Src\stm32f4xx_hal_hcd.o
                0x0800165c                HAL_HCD_IRQHandler
 .text.HAL_HCD_Start
                0x08001c78       0x2c Drivers\STM32F4xx_HAL_Driver\Src\stm32f4xx_hal_hcd.o
                0x08001c78                HAL_HCD_Start
 .text.HAL_HCD_Stop
                0x08001ca4       0x24 Drivers\STM32F4xx_HAL_Driver\Src\stm32f4xx_hal_hcd.o
                0x08001ca4                HAL_HCD_Stop
 .text.HAL_HCD_ResetPort
                0x08001cc8        0x6 Drivers\STM32F4xx_HAL_Driver\Src\stm32f4xx_hal_hcd.o
                0x08001cc8                HAL_HCD_ResetPort
 .text.HAL_HCD_HC_GetURBState
                0x08001cce        0xc Drivers\STM32F4xx_HAL_Driver\Src\stm32f4xx_hal_hcd.o
                0x08001cce                HAL_HCD_HC_GetURBState
 .text.HAL_HCD_HC_GetXferCount
                0x08001cda        0xa Drivers\STM32F4xx_HAL_Driver\Src\stm32f4xx_hal_hcd.o
                0x08001cda                HAL_HCD_HC_GetXferCount
 .text.HAL_HCD_GetCurrentFrame
                0x08001ce4        0x6 Drivers\STM32F4xx_HAL_Driver\Src\stm32f4xx_hal_hcd.o
                0x08001ce4                HAL_HCD_GetCurrentFrame
 .text.HAL_HCD_GetCurrentSpeed
                0x08001cea        0x6 Drivers\STM32F4xx_HAL_Driver\Src\stm32f4xx_hal_hcd.o
                0x08001cea                HAL_HCD_GetCurrentSpeed
 .text.HAL_I2C_Init
                0x08001cf0       0xdc Drivers\STM32F4xx_HAL_Driver\Src\stm32f4xx_hal_i2c.o
                0x08001cf0                HAL_I2C_Init
 .text.HAL_I2S_TxCpltCallback
                0x08001dcc        0x2 Drivers\STM32F4xx_HAL_Driver\Src\stm32f4xx_hal_i2s.o
                0x08001dcc                HAL_I2S_TxCpltCallback
 .text.HAL_I2S_RxCpltCallback
                0x08001dce        0x2 Drivers\STM32F4xx_HAL_Driver\Src\stm32f4xx_hal_i2s.o
                0x08001dce                HAL_I2S_RxCpltCallback
 .text.HAL_I2S_ErrorCallback
                0x08001dd0        0x2 Drivers\STM32F4xx_HAL_Driver\Src\stm32f4xx_hal_i2s.o
                0x08001dd0                HAL_I2S_ErrorCallback
 *fill*         0x08001dd2        0x2 
 .text.HAL_I2S_Init
                0x08001dd4      0x120 Drivers\STM32F4xx_HAL_Driver\Src\stm32f4xx_hal_i2s.o
                0x08001dd4                HAL_I2S_Init
 .text.I2S_IRQHandler
                0x08001ef4      0x10a Drivers\STM32F4xx_HAL_Driver\Src\stm32f4xx_hal_i2s.o
 .text.HAL_I2SEx_TxRxCpltCallback
                0x08001ffe        0x2 Drivers\STM32F4xx_HAL_Driver\Src\stm32f4xx_hal_i2s_ex.o
                0x08001ffe                HAL_I2SEx_TxRxCpltCallback
 .text.HAL_I2SEx_FullDuplex_IRQHandler
                0x08002000      0x258 Drivers\STM32F4xx_HAL_Driver\Src\stm32f4xx_hal_i2s_ex.o
                0x08002000                HAL_I2SEx_FullDuplex_IRQHandler
 .text.HAL_RCC_OscConfig
                0x08002258      0x304 Drivers\STM32F4xx_HAL_Driver\Src\stm32f4xx_hal_rcc.o
                0x08002258                HAL_RCC_OscConfig
 .text.HAL_RCC_GetSysClockFreq
                0x0800255c       0x5c Drivers\STM32F4xx_HAL_Driver\Src\stm32f4xx_hal_rcc.o
                0x0800255c                HAL_RCC_GetSysClockFreq
 .text.HAL_RCC_ClockConfig
                0x080025b8      0x134 Drivers\STM32F4xx_HAL_Driver\Src\stm32f4xx_hal_rcc.o
                0x080025b8                HAL_RCC_ClockConfig
 .text.HAL_RCC_GetHCLKFreq
                0x080026ec        0xc Drivers\STM32F4xx_HAL_Driver\Src\stm32f4xx_hal_rcc.o
                0x080026ec                HAL_RCC_GetHCLKFreq
 .text.HAL_RCC_GetPCLK1Freq
                0x080026f8       0x20 Drivers\STM32F4xx_HAL_Driver\Src\stm32f4xx_hal_rcc.o
                0x080026f8                HAL_RCC_GetPCLK1Freq
 .text.HAL_RCCEx_PeriphCLKConfig
                0x08002718      0x130 Drivers\STM32F4xx_HAL_Driver\Src\stm32f4xx_hal_rcc_ex.o
                0x08002718                HAL_RCCEx_PeriphCLKConfig
 .text.HAL_RCCEx_GetPeriphCLKFreq
                0x08002848       0x5c Drivers\STM32F4xx_HAL_Driver\Src\stm32f4xx_hal_rcc_ex.o
                0x08002848                HAL_RCCEx_GetPeriphCLKFreq
 .text.SPI_WaitFlagStateUntilTimeout
                0x080028a4       0x8e Drivers\STM32F4xx_HAL_Driver\Src\stm32f4xx_hal_spi.o
 .text.SPI_CheckFlag_BSY
                0x08002932       0x20 Drivers\STM32F4xx_HAL_Driver\Src\stm32f4xx_hal_spi.o
 .text.HAL_SPI_Init
                0x08002952       0x7a Drivers\STM32F4xx_HAL_Driver\Src\stm32f4xx_hal_spi.o
                0x08002952                HAL_SPI_Init
 .text.HAL_SPI_TransmitReceive
                0x080029cc      0x1f8 Drivers\STM32F4xx_HAL_Driver\Src\stm32f4xx_hal_spi.o
                0x080029cc                HAL_SPI_TransmitReceive
 .text.TIM_OC1_SetConfig
                0x08002bc4       0x58 Drivers\STM32F4xx_HAL_Driver\Src\stm32f4xx_hal_tim.o
 .text.TIM_OC3_SetConfig
                0x08002c1c       0x60 Drivers\STM32F4xx_HAL_Driver\Src\stm32f4xx_hal_tim.o
 .text.TIM_OC4_SetConfig
                0x08002c7c       0x50 Drivers\STM32F4xx_HAL_Driver\Src\stm32f4xx_hal_tim.o
 .text.HAL_TIM_Base_Start_IT
                0x08002ccc       0x16 Drivers\STM32F4xx_HAL_Driver\Src\stm32f4xx_hal_tim.o
                0x08002ccc                HAL_TIM_Base_Start_IT
 .text.HAL_TIM_OC_DelayElapsedCallback
                0x08002ce2        0x2 Drivers\STM32F4xx_HAL_Driver\Src\stm32f4xx_hal_tim.o
                0x08002ce2                HAL_TIM_OC_DelayElapsedCallback
 .text.HAL_TIM_IC_CaptureCallback
                0x08002ce4        0x2 Drivers\STM32F4xx_HAL_Driver\Src\stm32f4xx_hal_tim.o
                0x08002ce4                HAL_TIM_IC_CaptureCallback
 .text.HAL_TIM_PWM_PulseFinishedCallback
                0x08002ce6        0x2 Drivers\STM32F4xx_HAL_Driver\Src\stm32f4xx_hal_tim.o
                0x08002ce6                HAL_TIM_PWM_PulseFinishedCallback
 .text.HAL_TIM_TriggerCallback
                0x08002ce8        0x2 Drivers\STM32F4xx_HAL_Driver\Src\stm32f4xx_hal_tim.o
                0x08002ce8                HAL_TIM_TriggerCallback
 .text.HAL_TIM_IRQHandler
                0x08002cea      0x144 Drivers\STM32F4xx_HAL_Driver\Src\stm32f4xx_hal_tim.o
                0x08002cea                HAL_TIM_IRQHandler
 *fill*         0x08002e2e        0x2 
 .text.TIM_Base_SetConfig
                0x08002e30       0xc8 Drivers\STM32F4xx_HAL_Driver\Src\stm32f4xx_hal_tim.o
                0x08002e30                TIM_Base_SetConfig
 .text.HAL_TIM_Base_Init
                0x08002ef8       0x34 Drivers\STM32F4xx_HAL_Driver\Src\stm32f4xx_hal_tim.o
                0x08002ef8                HAL_TIM_Base_Init
 .text.HAL_TIM_PWM_Init
                0x08002f2c       0x34 Drivers\STM32F4xx_HAL_Driver\Src\stm32f4xx_hal_tim.o
                0x08002f2c                HAL_TIM_PWM_Init
 .text.TIM_OC2_SetConfig
                0x08002f60       0x60 Drivers\STM32F4xx_HAL_Driver\Src\stm32f4xx_hal_tim.o
                0x08002f60                TIM_OC2_SetConfig
 .text.HAL_TIM_PWM_ConfigChannel
                0x08002fc0       0xc4 Drivers\STM32F4xx_HAL_Driver\Src\stm32f4xx_hal_tim.o
                0x08002fc0                HAL_TIM_PWM_ConfigChannel
 .text.TIM_CCxChannelCmd
                0x08003084       0x18 Drivers\STM32F4xx_HAL_Driver\Src\stm32f4xx_hal_tim.o
                0x08003084                TIM_CCxChannelCmd
 .text.HAL_TIM_PWM_Start
                0x0800309c       0x34 Drivers\STM32F4xx_HAL_Driver\Src\stm32f4xx_hal_tim.o
                0x0800309c                HAL_TIM_PWM_Start
 .text.HAL_TIMEx_MasterConfigSynchronization
                0x080030d0       0x44 Drivers\STM32F4xx_HAL_Driver\Src\stm32f4xx_hal_tim_ex.o
                0x080030d0                HAL_TIMEx_MasterConfigSynchronization
 .text.HAL_TIMEx_CommutationCallback
                0x08003114        0x2 Drivers\STM32F4xx_HAL_Driver\Src\stm32f4xx_hal_tim_ex.o
                0x08003114                HAL_TIMEx_CommutationCallback
 .text.HAL_TIMEx_BreakCallback
                0x08003116        0x2 Drivers\STM32F4xx_HAL_Driver\Src\stm32f4xx_hal_tim_ex.o
                0x08003116                HAL_TIMEx_BreakCallback
 .text.USB_CoreInit
                0x08003118       0x74 Drivers\STM32F4xx_HAL_Driver\Src\stm32f4xx_ll_usb.o
                0x08003118                USB_CoreInit
 .text.USB_EnableGlobalInt
                0x0800318c        0xc Drivers\STM32F4xx_HAL_Driver\Src\stm32f4xx_ll_usb.o
                0x0800318c                USB_EnableGlobalInt
 .text.USB_DisableGlobalInt
                0x08003198        0xc Drivers\STM32F4xx_HAL_Driver\Src\stm32f4xx_ll_usb.o
                0x08003198                USB_DisableGlobalInt
 .text.USB_SetCurrentMode
                0x080031a4       0x2e Drivers\STM32F4xx_HAL_Driver\Src\stm32f4xx_ll_usb.o
                0x080031a4                USB_SetCurrentMode
 *fill*         0x080031d2        0x2 
 .text.USB_FlushTxFifo
                0x080031d4       0x24 Drivers\STM32F4xx_HAL_Driver\Src\stm32f4xx_ll_usb.o
                0x080031d4                USB_FlushTxFifo
 .text.USB_FlushRxFifo
                0x080031f8       0x20 Drivers\STM32F4xx_HAL_Driver\Src\stm32f4xx_ll_usb.o
                0x080031f8                USB_FlushRxFifo
 .text.USB_WritePacket
                0x08003218       0x28 Drivers\STM32F4xx_HAL_Driver\Src\stm32f4xx_ll_usb.o
                0x08003218                USB_WritePacket
 .text.USB_ReadPacket
                0x08003240       0x1c Drivers\STM32F4xx_HAL_Driver\Src\stm32f4xx_ll_usb.o
                0x08003240                USB_ReadPacket
 .text.USB_ReadInterrupts
                0x0800325c        0x8 Drivers\STM32F4xx_HAL_Driver\Src\stm32f4xx_ll_usb.o
                0x0800325c                USB_ReadInterrupts
 .text.USB_GetMode
                0x08003264        0x8 Drivers\STM32F4xx_HAL_Driver\Src\stm32f4xx_ll_usb.o
                0x08003264                USB_GetMode
 .text.USB_CoreReset
                0x0800326c       0x30 Drivers\STM32F4xx_HAL_Driver\Src\stm32f4xx_ll_usb.o
 .text.USB_HostInit
                0x0800329c       0xe4 Drivers\STM32F4xx_HAL_Driver\Src\stm32f4xx_ll_usb.o
                0x0800329c                USB_HostInit
 .text.USB_InitFSLSPClkSel
                0x08003380       0x3a Drivers\STM32F4xx_HAL_Driver\Src\stm32f4xx_ll_usb.o
                0x08003380                USB_InitFSLSPClkSel
 .text.USB_ResetPort
                0x080033ba       0x32 Drivers\STM32F4xx_HAL_Driver\Src\stm32f4xx_ll_usb.o
                0x080033ba                USB_ResetPort
 .text.USB_DriveVbus
                0x080033ec       0x3c Drivers\STM32F4xx_HAL_Driver\Src\stm32f4xx_ll_usb.o
                0x080033ec                USB_DriveVbus
 .text.USB_GetHostSpeed
                0x08003428       0x12 Drivers\STM32F4xx_HAL_Driver\Src\stm32f4xx_ll_usb.o
                0x08003428                USB_GetHostSpeed
 .text.USB_GetCurrentFrame
                0x0800343a        0xa Drivers\STM32F4xx_HAL_Driver\Src\stm32f4xx_ll_usb.o
                0x0800343a                USB_GetCurrentFrame
 .text.USB_HC_Init
                0x08003444       0xd8 Drivers\STM32F4xx_HAL_Driver\Src\stm32f4xx_ll_usb.o
                0x08003444                USB_HC_Init
 .text.USB_HC_StartXfer
                0x0800351c      0x27c Drivers\STM32F4xx_HAL_Driver\Src\stm32f4xx_ll_usb.o
                0x0800351c                USB_HC_StartXfer
 .text.USB_HC_ReadInterrupt
                0x08003798       0x1e Drivers\STM32F4xx_HAL_Driver\Src\stm32f4xx_ll_usb.o
                0x08003798                USB_HC_ReadInterrupt
 .text.USB_HC_Halt
                0x080037b6      0x1d2 Drivers\STM32F4xx_HAL_Driver\Src\stm32f4xx_ll_usb.o
                0x080037b6                USB_HC_Halt
 .text.USB_DoPing
                0x08003988       0x78 Drivers\STM32F4xx_HAL_Driver\Src\stm32f4xx_ll_usb.o
                0x08003988                USB_DoPing
 .text.USB_StopHost
                0x08003a00      0x108 Drivers\STM32F4xx_HAL_Driver\Src\stm32f4xx_ll_usb.o
                0x08003a00                USB_StopHost
 .text.USBH_CDC_SOFProcess
                0x08003b08        0x4 Middlewares\ST\STM32_USB_Host_Library\Class\CDC\Src\usbh_cdc.o
 .text.USBH_CDC_InterfaceDeInit
                0x08003b0c       0x62 Middlewares\ST\STM32_USB_Host_Library\Class\CDC\Src\usbh_cdc.o
 .text.USBH_CDC_InterfaceInit
                0x08003b6e      0x12a Middlewares\ST\STM32_USB_Host_Library\Class\CDC\Src\usbh_cdc.o
 .text.USBH_CDC_ClassRequest
                0x08003c98       0x34 Middlewares\ST\STM32_USB_Host_Library\Class\CDC\Src\usbh_cdc.o
 .text.USBH_CDC_TransmitCallback
                0x08003ccc        0x2 Middlewares\ST\STM32_USB_Host_Library\Class\CDC\Src\usbh_cdc.o
                0x08003ccc                USBH_CDC_TransmitCallback
 .text.USBH_CDC_ReceiveCallback
                0x08003cce        0x2 Middlewares\ST\STM32_USB_Host_Library\Class\CDC\Src\usbh_cdc.o
                0x08003cce                USBH_CDC_ReceiveCallback
 .text.USBH_CDC_LineCodingChanged
                0x08003cd0        0x2 Middlewares\ST\STM32_USB_Host_Library\Class\CDC\Src\usbh_cdc.o
                0x08003cd0                USBH_CDC_LineCodingChanged
 .text.USBH_CDC_Process
                0x08003cd2      0x176 Middlewares\ST\STM32_USB_Host_Library\Class\CDC\Src\usbh_cdc.o
 .text.DeInitStateMachine
                0x08003e48       0x44 Middlewares\ST\STM32_USB_Host_Library\Core\Src\usbh_core.o
 .text.USBH_Init
                0x08003e8c       0x2e Middlewares\ST\STM32_USB_Host_Library\Core\Src\usbh_core.o
                0x08003e8c                USBH_Init
 .text.USBH_RegisterClass
                0x08003eba       0x1a Middlewares\ST\STM32_USB_Host_Library\Core\Src\usbh_core.o
                0x08003eba                USBH_RegisterClass
 .text.USBH_SelectInterface
                0x08003ed4       0x12 Middlewares\ST\STM32_USB_Host_Library\Core\Src\usbh_core.o
                0x08003ed4                USBH_SelectInterface
 .text.USBH_FindInterface
                0x08003ee6       0x3a Middlewares\ST\STM32_USB_Host_Library\Core\Src\usbh_core.o
                0x08003ee6                USBH_FindInterface
 .text.USBH_Start
                0x08003f20       0x14 Middlewares\ST\STM32_USB_Host_Library\Core\Src\usbh_core.o
                0x08003f20                USBH_Start
 .text.USBH_Process
                0x08003f34      0x234 Middlewares\ST\STM32_USB_Host_Library\Core\Src\usbh_core.o
                0x08003f34                USBH_Process
 .text.USBH_LL_SetTimer
                0x08004168        0x6 Middlewares\ST\STM32_USB_Host_Library\Core\Src\usbh_core.o
                0x08004168                USBH_LL_SetTimer
 .text.USBH_LL_IncTimer
                0x0800416e       0x1c Middlewares\ST\STM32_USB_Host_Library\Core\Src\usbh_core.o
                0x0800416e                USBH_LL_IncTimer
 .text.USBH_LL_Connect
                0x0800418a       0x26 Middlewares\ST\STM32_USB_Host_Library\Core\Src\usbh_core.o
                0x0800418a                USBH_LL_Connect
 .text.USBH_LL_Disconnect
                0x080041b0       0x38 Middlewares\ST\STM32_USB_Host_Library\Core\Src\usbh_core.o
                0x080041b0                USBH_LL_Disconnect
 .text.USBH_CtlReq
                0x080041e8      0x17a Middlewares\ST\STM32_USB_Host_Library\Core\Src\usbh_ctlreq.o
                0x080041e8                USBH_CtlReq
 .text.USBH_GetDescriptor
                0x08004362       0x38 Middlewares\ST\STM32_USB_Host_Library\Core\Src\usbh_ctlreq.o
                0x08004362                USBH_GetDescriptor
 .text.USBH_Get_DevDesc
                0x0800439a       0xb2 Middlewares\ST\STM32_USB_Host_Library\Core\Src\usbh_ctlreq.o
                0x0800439a                USBH_Get_DevDesc
 .text.USBH_Get_CfgDesc
                0x0800444c      0x12e Middlewares\ST\STM32_USB_Host_Library\Core\Src\usbh_ctlreq.o
                0x0800444c                USBH_Get_CfgDesc
 .text.USBH_Get_StringDesc
                0x0800457a       0x4e Middlewares\ST\STM32_USB_Host_Library\Core\Src\usbh_ctlreq.o
                0x0800457a                USBH_Get_StringDesc
 .text.USBH_SetAddress
                0x080045c8       0x1c Middlewares\ST\STM32_USB_Host_Library\Core\Src\usbh_ctlreq.o
                0x080045c8                USBH_SetAddress
 .text.USBH_SetCfg
                0x080045e4       0x1c Middlewares\ST\STM32_USB_Host_Library\Core\Src\usbh_ctlreq.o
                0x080045e4                USBH_SetCfg
 .text.USBH_ClrFeature
                0x08004600       0x1c Middlewares\ST\STM32_USB_Host_Library\Core\Src\usbh_ctlreq.o
                0x08004600                USBH_ClrFeature
 .text.USBH_CtlSendSetup
                0x0800461c       0x22 Middlewares\ST\STM32_USB_Host_Library\Core\Src\usbh_ioreq.o
                0x0800461c                USBH_CtlSendSetup
 .text.USBH_CtlSendData
                0x0800463e       0x2e Middlewares\ST\STM32_USB_Host_Library\Core\Src\usbh_ioreq.o
                0x0800463e                USBH_CtlSendData
 .text.USBH_CtlReceiveData
                0x0800466c       0x20 Middlewares\ST\STM32_USB_Host_Library\Core\Src\usbh_ioreq.o
                0x0800466c                USBH_CtlReceiveData
 .text.USBH_BulkSendData
                0x0800468c       0x2e Middlewares\ST\STM32_USB_Host_Library\Core\Src\usbh_ioreq.o
                0x0800468c                USBH_BulkSendData
 .text.USBH_BulkReceiveData
                0x080046ba       0x20 Middlewares\ST\STM32_USB_Host_Library\Core\Src\usbh_ioreq.o
                0x080046ba                USBH_BulkReceiveData
 .text.USBH_OpenPipe
                0x080046da       0x1e Middlewares\ST\STM32_USB_Host_Library\Core\Src\usbh_pipes.o
                0x080046da                USBH_OpenPipe
 .text.USBH_ClosePipe
                0x080046f8        0xa Middlewares\ST\STM32_USB_Host_Library\Core\Src\usbh_pipes.o
                0x080046f8                USBH_ClosePipe
 .text.USBH_AllocPipe
                0x08004702       0x30 Middlewares\ST\STM32_USB_Host_Library\Core\Src\usbh_pipes.o
                0x08004702                USBH_AllocPipe
 .text.USBH_FreePipe
                0x08004732       0x18 Middlewares\ST\STM32_USB_Host_Library\Core\Src\usbh_pipes.o
                0x08004732                USBH_FreePipe
 *fill*         0x0800474a        0x2 
 .text.Set_Key  0x0800474c       0x38 Src\main.o
                0x0800474c                Set_Key
 .text.PWM_SetValue
                0x08004784       0x2c Src\main.o
                0x08004784                PWM_SetValue
 .text.SPI2_SendRec
                0x080047b0       0x48 Src\main.o
                0x080047b0                SPI2_SendRec
 .text.ADC_VSense_Read
                0x080047f8       0xa0 Src\main.o
                0x080047f8                ADC_VSense_Read
 .text.ADC_Joy_Read
                0x08004898       0x30 Src\main.o
                0x08004898                ADC_Joy_Read
 .text.HAL_Sense
                0x080048c8       0x38 Src\main.o
                0x080048c8                HAL_Sense
 .text.Regulacja_PI
                0x08004900       0xd0 Src\main.o
                0x08004900                Regulacja_PI
 .text.Rotate   0x080049d0      0x100 Src\main.o
                0x080049d0                Rotate
 .text.Check_And_Rotate
                0x08004ad0       0x84 Src\main.o
                0x08004ad0                Check_And_Rotate
 .text.HAL_TIM_PeriodElapsedCallback
                0x08004b54       0x1c Src\main.o
                0x08004b54                HAL_TIM_PeriodElapsedCallback
 .text.SystemClock_Config
                0x08004b70       0xc4 Src\main.o
                0x08004b70                SystemClock_Config
 .text.startup.main
                0x08004c34      0x440 Src\main.o
                0x08004c34                main
 .text._Error_Handler
                0x08005074        0x2 Src\main.o
                0x08005074                _Error_Handler
 *fill*         0x08005076        0x2 
 .text.HAL_MspInit
                0x08005078       0x90 Src\stm32f4xx_hal_msp.o
                0x08005078                HAL_MspInit
 .text.HAL_ADC_MspInit
                0x08005108       0x8c Src\stm32f4xx_hal_msp.o
                0x08005108                HAL_ADC_MspInit
 .text.HAL_I2C_MspInit
                0x08005194       0x54 Src\stm32f4xx_hal_msp.o
                0x08005194                HAL_I2C_MspInit
 .text.HAL_I2S_MspInit
                0x080051e8       0x64 Src\stm32f4xx_hal_msp.o
                0x080051e8                HAL_I2S_MspInit
 .text.HAL_SPI_MspInit
                0x0800524c       0xa8 Src\stm32f4xx_hal_msp.o
                0x0800524c                HAL_SPI_MspInit
 .text.HAL_TIM_PWM_MspInit
                0x080052f4       0x30 Src\stm32f4xx_hal_msp.o
                0x080052f4                HAL_TIM_PWM_MspInit
 .text.HAL_TIM_Base_MspInit
                0x08005324       0x6c Src\stm32f4xx_hal_msp.o
                0x08005324                HAL_TIM_Base_MspInit
 .text.HAL_TIM_MspPostInit
                0x08005390       0x34 Src\stm32f4xx_hal_msp.o
                0x08005390                HAL_TIM_MspPostInit
 .text.SVC_Handler
                0x080053c4        0x2 Src\stm32f4xx_it.o
                0x080053c4                SVC_Handler
 .text.PendSV_Handler
                0x080053c6        0x2 Src\stm32f4xx_it.o
                0x080053c6                PendSV_Handler
 .text.SysTick_Handler
                0x080053c8        0xe Src\stm32f4xx_it.o
                0x080053c8                SysTick_Handler
 *fill*         0x080053d6        0x2 
 .text.TIM1_UP_TIM10_IRQHandler
                0x080053d8        0xc Src\stm32f4xx_it.o
                0x080053d8                TIM1_UP_TIM10_IRQHandler
 .text.TIM7_IRQHandler
                0x080053e4        0xc Src\stm32f4xx_it.o
                0x080053e4                TIM7_IRQHandler
 .text.OTG_FS_IRQHandler
                0x080053f0        0xc Src\stm32f4xx_it.o
                0x080053f0                OTG_FS_IRQHandler
 .text.SystemInit
                0x080053fc       0x4c Src\system_stm32f4xx.o
                0x080053fc                SystemInit
 .text.USBH_UserProcess
                0x08005448       0x24 Src\usb_host.o
 .text.MX_USB_HOST_Init
                0x0800546c       0x2c Src\usb_host.o
                0x0800546c                MX_USB_HOST_Init
 .text.MX_USB_HOST_Process
                0x08005498        0xc Src\usb_host.o
                0x08005498                MX_USB_HOST_Process
 .text.HAL_HCD_MspInit
                0x080054a4       0x74 Src\usbh_conf.o
                0x080054a4                HAL_HCD_MspInit
 .text.HAL_HCD_SOF_Callback
                0x08005518        0x8 Src\usbh_conf.o
                0x08005518                HAL_HCD_SOF_Callback
 .text.HAL_HCD_Connect_Callback
                0x08005520        0x8 Src\usbh_conf.o
                0x08005520                HAL_HCD_Connect_Callback
 .text.HAL_HCD_Disconnect_Callback
                0x08005528        0x8 Src\usbh_conf.o
                0x08005528                HAL_HCD_Disconnect_Callback
 .text.HAL_HCD_HC_NotifyURBChange_Callback
                0x08005530        0x2 Src\usbh_conf.o
                0x08005530                HAL_HCD_HC_NotifyURBChange_Callback
 *fill*         0x08005532        0x2 
 .text.USBH_LL_Init
                0x08005534       0x58 Src\usbh_conf.o
                0x08005534                USBH_LL_Init
 .text.USBH_LL_Start
                0x0800558c       0x1c Src\usbh_conf.o
                0x0800558c                USBH_LL_Start
 .text.USBH_LL_Stop
                0x080055a8       0x1c Src\usbh_conf.o
                0x080055a8                USBH_LL_Stop
 .text.USBH_LL_GetSpeed
                0x080055c4       0x1c Src\usbh_conf.o
                0x080055c4                USBH_LL_GetSpeed
 .text.USBH_LL_ResetPort
                0x080055e0       0x1c Src\usbh_conf.o
                0x080055e0                USBH_LL_ResetPort
 .text.USBH_LL_GetLastXferSize
                0x080055fc        0x8 Src\usbh_conf.o
                0x080055fc                USBH_LL_GetLastXferSize
 .text.USBH_LL_OpenPipe
                0x08005604       0x30 Src\usbh_conf.o
                0x08005604                USBH_LL_OpenPipe
 .text.USBH_LL_ClosePipe
                0x08005634       0x1c Src\usbh_conf.o
                0x08005634                USBH_LL_ClosePipe
 .text.USBH_LL_SubmitURB
                0x08005650       0x34 Src\usbh_conf.o
                0x08005650                USBH_LL_SubmitURB
 .text.USBH_LL_GetURBState
                0x08005684        0x8 Src\usbh_conf.o
                0x08005684                USBH_LL_GetURBState
 .text.USBH_LL_DriverVBUS
                0x0800568c       0x1a Src\usbh_conf.o
                0x0800568c                USBH_LL_DriverVBUS
 .text.USBH_LL_SetToggle
                0x080056a6       0x1e Src\usbh_conf.o
                0x080056a6                USBH_LL_SetToggle
 .text.USBH_Delay
                0x080056c4        0x4 Src\usbh_conf.o
                0x080056c4                USBH_Delay
 .text.MX_DriverVbusFS
                0x080056c8       0x14 Src\usbh_platform.o
                0x080056c8                MX_DriverVbusFS
 .text.Reset_Handler
                0x080056dc       0x50 startup\startup_stm32f407xx.o
                0x080056dc                Reset_Handler
 .text.Default_Handler
                0x0800572c        0x2 startup\startup_stm32f407xx.o
                0x0800572c                RTC_Alarm_IRQHandler
                0x0800572c                HASH_RNG_IRQHandler
                0x0800572c                EXTI2_IRQHandler
                0x0800572c                TIM8_CC_IRQHandler
                0x0800572c                DebugMon_Handler
                0x0800572c                TIM1_CC_IRQHandler
                0x0800572c                DMA2_Stream5_IRQHandler
                0x0800572c                HardFault_Handler
                0x0800572c                DMA1_Stream5_IRQHandler
                0x0800572c                PVD_IRQHandler
                0x0800572c                SDIO_IRQHandler
                0x0800572c                TAMP_STAMP_IRQHandler
                0x0800572c                NMI_Handler
                0x0800572c                CAN2_RX1_IRQHandler
                0x0800572c                EXTI3_IRQHandler
                0x0800572c                TIM8_TRG_COM_TIM14_IRQHandler
                0x0800572c                TIM8_UP_TIM13_IRQHandler
                0x0800572c                I2C3_ER_IRQHandler
                0x0800572c                EXTI0_IRQHandler
                0x0800572c                I2C2_EV_IRQHandler
                0x0800572c                DMA1_Stream2_IRQHandler
                0x0800572c                CAN1_RX0_IRQHandler
                0x0800572c                FPU_IRQHandler
                0x0800572c                OTG_HS_WKUP_IRQHandler
                0x0800572c                UsageFault_Handler
                0x0800572c                CAN2_SCE_IRQHandler
                0x0800572c                DMA2_Stream2_IRQHandler
                0x0800572c                SPI1_IRQHandler
                0x0800572c                TIM6_DAC_IRQHandler
                0x0800572c                TIM1_BRK_TIM9_IRQHandler
                0x0800572c                DCMI_IRQHandler
                0x0800572c                CAN2_RX0_IRQHandler
                0x0800572c                DMA2_Stream3_IRQHandler
                0x0800572c                USART6_IRQHandler
                0x0800572c                USART3_IRQHandler
                0x0800572c                CAN1_RX1_IRQHandler
                0x0800572c                UART5_IRQHandler
                0x0800572c                DMA2_Stream0_IRQHandler
                0x0800572c                TIM4_IRQHandler
                0x0800572c                I2C1_EV_IRQHandler
                0x0800572c                DMA1_Stream6_IRQHandler
                0x0800572c                DMA1_Stream1_IRQHandler
                0x0800572c                UART4_IRQHandler
                0x0800572c                TIM3_IRQHandler
                0x0800572c                RCC_IRQHandler
                0x0800572c                TIM8_BRK_TIM12_IRQHandler
                0x0800572c                Default_Handler
                0x0800572c                EXTI15_10_IRQHandler
                0x0800572c                ADC_IRQHandler
                0x0800572c                DMA1_Stream7_IRQHandler
                0x0800572c                CAN2_TX_IRQHandler
                0x0800572c                TIM5_IRQHandler
                0x0800572c                DMA2_Stream7_IRQHandler
                0x0800572c                I2C3_EV_IRQHandler
                0x0800572c                EXTI9_5_IRQHandler
                0x0800572c                RTC_WKUP_IRQHandler
                0x0800572c                ETH_WKUP_IRQHandler
                0x0800572c                SPI2_IRQHandler
                0x0800572c                OTG_HS_EP1_IN_IRQHandler
                0x0800572c                MemManage_Handler
                0x0800572c                DMA1_Stream0_IRQHandler
                0x0800572c                CAN1_TX_IRQHandler
                0x0800572c                EXTI4_IRQHandler
                0x0800572c                FSMC_IRQHandler
                0x0800572c                ETH_IRQHandler
                0x0800572c                OTG_HS_EP1_OUT_IRQHandler
                0x0800572c                WWDG_IRQHandler
                0x0800572c                TIM2_IRQHandler
                0x0800572c                OTG_FS_WKUP_IRQHandler
                0x0800572c                TIM1_TRG_COM_TIM11_IRQHandler
                0x0800572c                OTG_HS_IRQHandler
                0x0800572c                EXTI1_IRQHandler
                0x0800572c                USART2_IRQHandler
                0x0800572c                I2C2_ER_IRQHandler
                0x0800572c                DMA2_Stream1_IRQHandler
                0x0800572c                CAN1_SCE_IRQHandler
                0x0800572c                FLASH_IRQHandler
                0x0800572c                DMA2_Stream4_IRQHandler
                0x0800572c                BusFault_Handler
                0x0800572c                USART1_IRQHandler
                0x0800572c                SPI3_IRQHandler
                0x0800572c                DMA1_Stream4_IRQHandler
                0x0800572c                I2C1_ER_IRQHandler
                0x0800572c                DMA2_Stream6_IRQHandler
                0x0800572c                DMA1_Stream3_IRQHandler
 *fill*         0x0800572e        0x2 
 .text.__libc_init_array
                0x08005730       0x48 c:/program files (x86)/atollic/truestudio for stm32 9.0.1/armtools/bin/../lib/gcc/arm-atollic-eabi/6.3.1/../../../../arm-atollic-eabi/lib/armv7e-m/fpu\libc_nano.a(lib_a-init.o)
                0x08005730                __libc_init_array
 .text.malloc   0x08005778       0x10 c:/program files (x86)/atollic/truestudio for stm32 9.0.1/armtools/bin/../lib/gcc/arm-atollic-eabi/6.3.1/../../../../arm-atollic-eabi/lib/armv7e-m/fpu\libc_nano.a(lib_a-malloc.o)
                0x08005778                malloc
 .text.free     0x08005788       0x10 c:/program files (x86)/atollic/truestudio for stm32 9.0.1/armtools/bin/../lib/gcc/arm-atollic-eabi/6.3.1/../../../../arm-atollic-eabi/lib/armv7e-m/fpu\libc_nano.a(lib_a-malloc.o)
                0x08005788                free
 .text._free_r  0x08005798       0x9c c:/program files (x86)/atollic/truestudio for stm32 9.0.1/armtools/bin/../lib/gcc/arm-atollic-eabi/6.3.1/../../../../arm-atollic-eabi/lib/armv7e-m/fpu\libc_nano.a(lib_a-nano-freer.o)
                0x08005798                _free_r
 .text._malloc_r
                0x08005834       0xbc c:/program files (x86)/atollic/truestudio for stm32 9.0.1/armtools/bin/../lib/gcc/arm-atollic-eabi/6.3.1/../../../../arm-atollic-eabi/lib/armv7e-m/fpu\libc_nano.a(lib_a-nano-mallocr.o)
                0x08005834                _malloc_r
 .text._sbrk_r  0x080058f0       0x20 c:/program files (x86)/atollic/truestudio for stm32 9.0.1/armtools/bin/../lib/gcc/arm-atollic-eabi/6.3.1/../../../../arm-atollic-eabi/lib/armv7e-m/fpu\libc_nano.a(lib_a-sbrkr.o)
                0x080058f0                _sbrk_r
 .text.__malloc_lock
                0x08005910        0x2 c:/program files (x86)/atollic/truestudio for stm32 9.0.1/armtools/bin/../lib/gcc/arm-atollic-eabi/6.3.1/../../../../arm-atollic-eabi/lib/armv7e-m/fpu\libc_nano.a(lib_a-mlock.o)
                0x08005910                __malloc_lock
 .text.__malloc_unlock
                0x08005912        0x2 c:/program files (x86)/atollic/truestudio for stm32 9.0.1/armtools/bin/../lib/gcc/arm-atollic-eabi/6.3.1/../../../../arm-atollic-eabi/lib/armv7e-m/fpu\libc_nano.a(lib_a-mlock.o)
                0x08005912                __malloc_unlock
 .text._sbrk    0x08005914       0x1c c:/program files (x86)/atollic/truestudio for stm32 9.0.1/armtools/bin/../lib/gcc/arm-atollic-eabi/6.3.1/../../../../arm-atollic-eabi/lib/armv7e-m/fpu\libnosys.a(sbrk.o)
                0x08005914                _sbrk
 *(.glue_7)
 .glue_7        0x08005930        0x0 linker stubs
 *(.glue_7t)
 .glue_7t       0x08005930        0x0 linker stubs
 *(.eh_frame)
 .eh_frame      0x08005930        0x0 c:/program files (x86)/atollic/truestudio for stm32 9.0.1/armtools/bin/../lib/gcc/arm-atollic-eabi/6.3.1/armv7e-m/fpu/crtbegin.o
 *(.init)
 .init          0x08005930        0x4 c:/program files (x86)/atollic/truestudio for stm32 9.0.1/armtools/bin/../lib/gcc/arm-atollic-eabi/6.3.1/armv7e-m/fpu/crti.o
                0x08005930                _init
 .init          0x08005934        0x8 c:/program files (x86)/atollic/truestudio for stm32 9.0.1/armtools/bin/../lib/gcc/arm-atollic-eabi/6.3.1/armv7e-m/fpu/crtn.o
 *(.fini)
 .fini          0x0800593c        0x4 c:/program files (x86)/atollic/truestudio for stm32 9.0.1/armtools/bin/../lib/gcc/arm-atollic-eabi/6.3.1/armv7e-m/fpu/crti.o
                0x0800593c                _fini
 .fini          0x08005940        0x8 c:/program files (x86)/atollic/truestudio for stm32 9.0.1/armtools/bin/../lib/gcc/arm-atollic-eabi/6.3.1/armv7e-m/fpu/crtn.o
                0x08005948                . = ALIGN (0x4)
                0x08005948                _etext = .

.vfp11_veneer   0x08005948        0x0
 .vfp11_veneer  0x08005948        0x0 linker stubs

.v4_bx          0x08005948        0x0
 .v4_bx         0x08005948        0x0 linker stubs

.iplt           0x08005948        0x0
 .iplt          0x08005948        0x0 c:/program files (x86)/atollic/truestudio for stm32 9.0.1/armtools/bin/../lib/gcc/arm-atollic-eabi/6.3.1/armv7e-m/fpu/crtbegin.o

.rodata         0x08005948       0x38
                0x08005948                . = ALIGN (0x4)
 *(.rodata)
 *(.rodata*)
 .rodata.str1.1
                0x08005948        0x4 Middlewares\ST\STM32_USB_Host_Library\Class\CDC\Src\usbh_cdc.o
 .rodata.AHBPrescTable
                0x0800594c       0x10 Src\system_stm32f4xx.o
                0x0800594c                AHBPrescTable
 .rodata.APBPrescTable
                0x0800595c        0x8 Src\system_stm32f4xx.o
                0x0800595c                APBPrescTable
 .rodata.CSWTCH.16
                0x08005964        0x3 Src\usbh_conf.o
 .rodata.CSWTCH.25
                0x08005967        0x4 Src\usbh_conf.o
 .rodata.USBH_LL_Init.str1.1
                0x0800596b       0x13 Src\usbh_conf.o
                0x08005980                . = ALIGN (0x4)
 *fill*         0x0800597e        0x2 

.ARM.extab
 *(.ARM.extab* .gnu.linkonce.armextab.*)

.ARM            0x08005980        0x8
                0x08005980                __exidx_start = .
 *(.ARM.exidx*)
 .ARM.exidx     0x08005980        0x8 c:/program files (x86)/atollic/truestudio for stm32 9.0.1/armtools/bin/../lib/gcc/arm-atollic-eabi/6.3.1/armv7e-m/fpu\libgcc.a(_udivmoddi4.o)
                0x08005988                __exidx_end = .

.rel.dyn        0x08005988        0x0
 .rel.iplt      0x08005988        0x0 c:/program files (x86)/atollic/truestudio for stm32 9.0.1/armtools/bin/../lib/gcc/arm-atollic-eabi/6.3.1/armv7e-m/fpu/crtbegin.o

.preinit_array  0x08005988        0x0
                0x08005988                PROVIDE (__preinit_array_start, .)
 *(.preinit_array*)
                0x08005988                PROVIDE (__preinit_array_end, .)

.init_array     0x08005988        0x4
                0x08005988                PROVIDE (__init_array_start, .)
 *(SORT(.init_array.*))
 *(.init_array*)
 .init_array    0x08005988        0x4 c:/program files (x86)/atollic/truestudio for stm32 9.0.1/armtools/bin/../lib/gcc/arm-atollic-eabi/6.3.1/armv7e-m/fpu/crtbegin.o
                0x0800598c                PROVIDE (__init_array_end, .)

.fini_array     0x0800598c        0x4
                [!provide]                PROVIDE (__fini_array_start, .)
 *(SORT(.fini_array.*))
 *(.fini_array*)
 .fini_array    0x0800598c        0x4 c:/program files (x86)/atollic/truestudio for stm32 9.0.1/armtools/bin/../lib/gcc/arm-atollic-eabi/6.3.1/armv7e-m/fpu/crtbegin.o
                [!provide]                PROVIDE (__fini_array_end, .)
                0x08005990                _sidata = LOADADDR (.data)

.data           0x20000000      0x154 load address 0x08005990
                0x20000000                . = ALIGN (0x4)
                0x20000000                _sdata = .
 *(.data)
 *(.data*)
 .data.uwTickFreq
                0x20000000        0x1 Drivers\STM32F4xx_HAL_Driver\Src\stm32f4xx_hal.o
                0x20000000                uwTickFreq
 *fill*         0x20000001        0x3 
 .data.uwTickPrio
                0x20000004        0x4 Drivers\STM32F4xx_HAL_Driver\Src\stm32f4xx_hal.o
                0x20000004                uwTickPrio
 .data.CDC_Class
                0x20000008       0x20 Middlewares\ST\STM32_USB_Host_Library\Class\CDC\Src\usbh_cdc.o
                0x20000008                CDC_Class
 .data._BLDC_Steps_Left
                0x20000028       0x60 Src\main.o
                0x20000028                _BLDC_Steps_Left
 .data._BLDC_Steps_Right
                0x20000088       0x60 Src\main.o
                0x20000088                _BLDC_Steps_Right
 .data.prog_napiecia
                0x200000e8        0x4 Src\main.o
                0x200000e8                prog_napiecia
 .data.SystemCoreClock
                0x200000ec        0x4 Src\system_stm32f4xx.o
                0x200000ec                SystemCoreClock
 .data._impure_ptr
                0x200000f0        0x4 c:/program files (x86)/atollic/truestudio for stm32 9.0.1/armtools/bin/../lib/gcc/arm-atollic-eabi/6.3.1/../../../../arm-atollic-eabi/lib/armv7e-m/fpu\libc_nano.a(lib_a-impure.o)
                0x200000f0                _impure_ptr
 .data.impure_data
                0x200000f4       0x60 c:/program files (x86)/atollic/truestudio for stm32 9.0.1/armtools/bin/../lib/gcc/arm-atollic-eabi/6.3.1/../../../../arm-atollic-eabi/lib/armv7e-m/fpu\libc_nano.a(lib_a-impure.o)
                0x20000154                . = ALIGN (0x4)
                0x20000154                _edata = .
                0x08005ae4                _siccmram = LOADADDR (.ccmram)

.igot.plt       0x20000154        0x0 load address 0x08005ae4
 .igot.plt      0x20000154        0x0 c:/program files (x86)/atollic/truestudio for stm32 9.0.1/armtools/bin/../lib/gcc/arm-atollic-eabi/6.3.1/armv7e-m/fpu/crtbegin.o

.ccmram         0x10000000        0x0 load address 0x08005ae4
                0x10000000                . = ALIGN (0x4)
                0x10000000                _sccmram = .
 *(.ccmram)
 *(.ccmram*)
                0x10000000                . = ALIGN (0x4)
                0x10000000                _eccmram = .
                0x10000000                . = ALIGN (0x4)

.bss            0x20000158      0x96c
                0x20000158                _sbss = .
                0x20000158                __bss_start__ = _sbss
 *(.bss)
 .bss           0x20000158       0x1c c:/program files (x86)/atollic/truestudio for stm32 9.0.1/armtools/bin/../lib/gcc/arm-atollic-eabi/6.3.1/armv7e-m/fpu/crtbegin.o
 *(.bss*)
 *fill*         0x20000174        0x4 
 .bss.KI        0x20000178        0x8 Src\main.o
                0x20000178                KI
 .bss.KP        0x20000180        0x8 Src\main.o
                0x20000180                KP
 .bss.KU        0x20000188        0x8 Src\main.o
                0x20000188                KU
 .bss.PU        0x20000190        0x8 Src\main.o
                0x20000190                PU
 .bss._ADC_Joy_Read
                0x20000198        0x2 Src\main.o
                0x20000198                _ADC_Joy_Read
 .bss._HAL_Sense_Flag
                0x2000019a        0x1 Src\main.o
                0x2000019a                _HAL_Sense_Flag
 *fill*         0x2000019b        0x1 
 .bss._PI_Test  0x2000019c        0x4 Src\main.o
                0x2000019c                _PI_Test
 .bss._PWM_Duty
                0x200001a0        0x4 Src\main.o
                0x200001a0                _PWM_Duty
 .bss._Vsense_Read_A
                0x200001a4        0x4 Src\main.o
                0x200001a4                _Vsense_Read_A
 .bss._Vsense_Read_B
                0x200001a8        0x4 Src\main.o
                0x200001a8                _Vsense_Read_B
 .bss._Vsense_Read_C
                0x200001ac        0x4 Src\main.o
                0x200001ac                _Vsense_Read_C
 .bss.integrator
                0x200001b0        0x4 Src\main.o
                0x200001b0                integrator
 .bss.odp       0x200001b4        0x2 Src\main.o
                0x200001b4                odp
 *fill*         0x200001b6        0x2 
 .bss.uchyb     0x200001b8        0x4 Src\main.o
                0x200001b8                uchyb
 .bss.Appli_state
                0x200001bc        0x1 Src\usb_host.o
                0x200001bc                Appli_state
 *fill*         0x200001bd        0x3 
 .bss.__malloc_free_list
                0x200001c0        0x4 c:/program files (x86)/atollic/truestudio for stm32 9.0.1/armtools/bin/../lib/gcc/arm-atollic-eabi/6.3.1/../../../../arm-atollic-eabi/lib/armv7e-m/fpu\libc_nano.a(lib_a-nano-mallocr.o)
                0x200001c0                __malloc_free_list
 .bss.__malloc_sbrk_start
                0x200001c4        0x4 c:/program files (x86)/atollic/truestudio for stm32 9.0.1/armtools/bin/../lib/gcc/arm-atollic-eabi/6.3.1/../../../../arm-atollic-eabi/lib/armv7e-m/fpu\libc_nano.a(lib_a-nano-mallocr.o)
                0x200001c4                __malloc_sbrk_start
 .bss.heap_end.5239
                0x200001c8        0x4 c:/program files (x86)/atollic/truestudio for stm32 9.0.1/armtools/bin/../lib/gcc/arm-atollic-eabi/6.3.1/../../../../arm-atollic-eabi/lib/armv7e-m/fpu\libnosys.a(sbrk.o)
 *(COMMON)
 COMMON         0x200001cc        0x4 Drivers\STM32F4xx_HAL_Driver\Src\stm32f4xx_hal.o
                0x200001cc                uwTick
 COMMON         0x200001d0      0x290 Src\main.o
                0x200001d0                hspi2
                0x20000228                htim4
                0x20000264                hadc2
                0x200002ac                hi2c1
                0x20000300                htim10
                0x2000033c                hadc1
                0x20000384                hspi1
                0x200003dc                htim7
                0x20000418                hi2s3
 COMMON         0x20000460      0x3c8 Src\usb_host.o
                0x20000460                hUsbHostFS
 COMMON         0x20000828      0x298 Src\usbh_conf.o
                0x20000828                hhcd_USB_OTG_FS
 COMMON         0x20000ac0        0x4 c:/program files (x86)/atollic/truestudio for stm32 9.0.1/armtools/bin/../lib/gcc/arm-atollic-eabi/6.3.1/../../../../arm-atollic-eabi/lib/armv7e-m/fpu\libc_nano.a(lib_a-reent.o)
                0x20000ac0                errno
                0x20000ac4                . = ALIGN (0x4)
                0x20000ac4                _ebss = .
                0x20000ac4                __bss_end__ = _ebss

._user_heap_stack
                0x20000ac4      0x600
                0x20000ac4                . = ALIGN (0x4)
                0x20000ac4                PROVIDE (end, .)
                [!provide]                PROVIDE (_end, .)
                0x20000cc4                . = (. + _Min_Heap_Size)
 *fill*         0x20000ac4      0x200 
                0x200010c4                . = (. + _Min_Stack_Size)
 *fill*         0x20000cc4      0x400 
                0x200010c4                . = ALIGN (0x4)

/DISCARD/
 libc.a(*)
 libm.a(*)
 libgcc.a(*)

.ARM.attributes
                0x00000000       0x30
 *(.ARM.attributes)
 .ARM.attributes
                0x00000000       0x22 c:/program files (x86)/atollic/truestudio for stm32 9.0.1/armtools/bin/../lib/gcc/arm-atollic-eabi/6.3.1/armv7e-m/fpu/crti.o
 .ARM.attributes
                0x00000022       0x34 c:/program files (x86)/atollic/truestudio for stm32 9.0.1/armtools/bin/../lib/gcc/arm-atollic-eabi/6.3.1/armv7e-m/fpu/crtbegin.o
 .ARM.attributes
                0x00000056       0x39 Drivers\STM32F4xx_HAL_Driver\Src\stm32f4xx_hal.o
 .ARM.attributes
                0x0000008f       0x39 Drivers\STM32F4xx_HAL_Driver\Src\stm32f4xx_hal_adc.o
 .ARM.attributes
                0x000000c8       0x39 Drivers\STM32F4xx_HAL_Driver\Src\stm32f4xx_hal_cortex.o
 .ARM.attributes
                0x00000101       0x39 Drivers\STM32F4xx_HAL_Driver\Src\stm32f4xx_hal_gpio.o
 .ARM.attributes
                0x0000013a       0x39 Drivers\STM32F4xx_HAL_Driver\Src\stm32f4xx_hal_hcd.o
 .ARM.attributes
                0x00000173       0x39 Drivers\STM32F4xx_HAL_Driver\Src\stm32f4xx_hal_i2c.o
 .ARM.attributes
                0x000001ac       0x39 Drivers\STM32F4xx_HAL_Driver\Src\stm32f4xx_hal_i2s.o
 .ARM.attributes
                0x000001e5       0x39 Drivers\STM32F4xx_HAL_Driver\Src\stm32f4xx_hal_i2s_ex.o
 .ARM.attributes
                0x0000021e       0x39 Drivers\STM32F4xx_HAL_Driver\Src\stm32f4xx_hal_rcc.o
 .ARM.attributes
                0x00000257       0x39 Drivers\STM32F4xx_HAL_Driver\Src\stm32f4xx_hal_rcc_ex.o
 .ARM.attributes
                0x00000290       0x39 Drivers\STM32F4xx_HAL_Driver\Src\stm32f4xx_hal_spi.o
 .ARM.attributes
                0x000002c9       0x39 Drivers\STM32F4xx_HAL_Driver\Src\stm32f4xx_hal_tim.o
 .ARM.attributes
                0x00000302       0x39 Drivers\STM32F4xx_HAL_Driver\Src\stm32f4xx_hal_tim_ex.o
 .ARM.attributes
                0x0000033b       0x39 Drivers\STM32F4xx_HAL_Driver\Src\stm32f4xx_ll_usb.o
 .ARM.attributes
                0x00000374       0x39 Middlewares\ST\STM32_USB_Host_Library\Class\CDC\Src\usbh_cdc.o
 .ARM.attributes
                0x000003ad       0x39 Middlewares\ST\STM32_USB_Host_Library\Core\Src\usbh_core.o
 .ARM.attributes
                0x000003e6       0x39 Middlewares\ST\STM32_USB_Host_Library\Core\Src\usbh_ctlreq.o
 .ARM.attributes
                0x0000041f       0x39 Middlewares\ST\STM32_USB_Host_Library\Core\Src\usbh_ioreq.o
 .ARM.attributes
                0x00000458       0x39 Middlewares\ST\STM32_USB_Host_Library\Core\Src\usbh_pipes.o
 .ARM.attributes
                0x00000491       0x39 Src\main.o
 .ARM.attributes
                0x000004ca       0x39 Src\stm32f4xx_hal_msp.o
 .ARM.attributes
                0x00000503       0x39 Src\stm32f4xx_it.o
 .ARM.attributes
                0x0000053c       0x39 Src\system_stm32f4xx.o
 .ARM.attributes
                0x00000575       0x39 Src\usb_host.o
 .ARM.attributes
                0x000005ae       0x39 Src\usbh_conf.o
 .ARM.attributes
                0x000005e7       0x39 Src\usbh_platform.o
 .ARM.attributes
                0x00000620       0x21 startup\startup_stm32f407xx.o
 .ARM.attributes
                0x00000641       0x34 c:/program files (x86)/atollic/truestudio for stm32 9.0.1/armtools/bin/../lib/gcc/arm-atollic-eabi/6.3.1/../../../../arm-atollic-eabi/lib/armv7e-m/fpu\libc_nano.a(lib_a-init.o)
 .ARM.attributes
                0x00000675       0x34 c:/program files (x86)/atollic/truestudio for stm32 9.0.1/armtools/bin/../lib/gcc/arm-atollic-eabi/6.3.1/../../../../arm-atollic-eabi/lib/armv7e-m/fpu\libc_nano.a(lib_a-malloc.o)
 .ARM.attributes
                0x000006a9       0x34 c:/program files (x86)/atollic/truestudio for stm32 9.0.1/armtools/bin/../lib/gcc/arm-atollic-eabi/6.3.1/../../../../arm-atollic-eabi/lib/armv7e-m/fpu\libc_nano.a(lib_a-nano-freer.o)
 .ARM.attributes
                0x000006dd       0x34 c:/program files (x86)/atollic/truestudio for stm32 9.0.1/armtools/bin/../lib/gcc/arm-atollic-eabi/6.3.1/../../../../arm-atollic-eabi/lib/armv7e-m/fpu\libc_nano.a(lib_a-nano-mallocr.o)
 .ARM.attributes
                0x00000711       0x34 c:/program files (x86)/atollic/truestudio for stm32 9.0.1/armtools/bin/../lib/gcc/arm-atollic-eabi/6.3.1/../../../../arm-atollic-eabi/lib/armv7e-m/fpu\libc_nano.a(lib_a-sbrkr.o)
 .ARM.attributes
                0x00000745       0x34 c:/program files (x86)/atollic/truestudio for stm32 9.0.1/armtools/bin/../lib/gcc/arm-atollic-eabi/6.3.1/../../../../arm-atollic-eabi/lib/armv7e-m/fpu\libc_nano.a(lib_a-impure.o)
 .ARM.attributes
                0x00000779       0x34 c:/program files (x86)/atollic/truestudio for stm32 9.0.1/armtools/bin/../lib/gcc/arm-atollic-eabi/6.3.1/../../../../arm-atollic-eabi/lib/armv7e-m/fpu\libc_nano.a(lib_a-mlock.o)
 .ARM.attributes
                0x000007ad       0x34 c:/program files (x86)/atollic/truestudio for stm32 9.0.1/armtools/bin/../lib/gcc/arm-atollic-eabi/6.3.1/../../../../arm-atollic-eabi/lib/armv7e-m/fpu\libc_nano.a(lib_a-reent.o)
 .ARM.attributes
                0x000007e1       0x22 c:/program files (x86)/atollic/truestudio for stm32 9.0.1/armtools/bin/../lib/gcc/arm-atollic-eabi/6.3.1/armv7e-m/fpu\libgcc.a(_arm_addsubdf3.o)
 .ARM.attributes
                0x00000803       0x22 c:/program files (x86)/atollic/truestudio for stm32 9.0.1/armtools/bin/../lib/gcc/arm-atollic-eabi/6.3.1/armv7e-m/fpu\libgcc.a(_arm_muldivdf3.o)
 .ARM.attributes
                0x00000825       0x22 c:/program files (x86)/atollic/truestudio for stm32 9.0.1/armtools/bin/../lib/gcc/arm-atollic-eabi/6.3.1/armv7e-m/fpu\libgcc.a(_arm_fixunsdfsi.o)
 .ARM.attributes
                0x00000847       0x22 c:/program files (x86)/atollic/truestudio for stm32 9.0.1/armtools/bin/../lib/gcc/arm-atollic-eabi/6.3.1/armv7e-m/fpu\libgcc.a(_aeabi_uldivmod.o)
 .ARM.attributes
                0x00000869       0x34 c:/program files (x86)/atollic/truestudio for stm32 9.0.1/armtools/bin/../lib/gcc/arm-atollic-eabi/6.3.1/armv7e-m/fpu\libgcc.a(_udivmoddi4.o)
 .ARM.attributes
                0x0000089d       0x22 c:/program files (x86)/atollic/truestudio for stm32 9.0.1/armtools/bin/../lib/gcc/arm-atollic-eabi/6.3.1/armv7e-m/fpu\libgcc.a(_dvmd_tls.o)
 .ARM.attributes
                0x000008bf       0x34 c:/program files (x86)/atollic/truestudio for stm32 9.0.1/armtools/bin/../lib/gcc/arm-atollic-eabi/6.3.1/../../../../arm-atollic-eabi/lib/armv7e-m/fpu\libnosys.a(sbrk.o)
 .ARM.attributes
                0x000008f3       0x22 c:/program files (x86)/atollic/truestudio for stm32 9.0.1/armtools/bin/../lib/gcc/arm-atollic-eabi/6.3.1/armv7e-m/fpu/crtn.o
OUTPUT(STM32F4_DRV8305_control_01.elf elf32-littlearm)

.debug_info     0x00000000    0x2b57b
 .debug_info    0x00000000     0x11ec Drivers\STM32F4xx_HAL_Driver\Src\stm32f4xx_hal.o
 .debug_info    0x000011ec     0x15ad Drivers\STM32F4xx_HAL_Driver\Src\stm32f4xx_hal_adc.o
 .debug_info    0x00002799     0x1744 Drivers\STM32F4xx_HAL_Driver\Src\stm32f4xx_hal_cortex.o
 .debug_info    0x00003edd      0xf88 Drivers\STM32F4xx_HAL_Driver\Src\stm32f4xx_hal_gpio.o
 .debug_info    0x00004e65     0x1982 Drivers\STM32F4xx_HAL_Driver\Src\stm32f4xx_hal_hcd.o
 .debug_info    0x000067e7     0x378c Drivers\STM32F4xx_HAL_Driver\Src\stm32f4xx_hal_i2c.o
 .debug_info    0x00009f73     0x17ae Drivers\STM32F4xx_HAL_Driver\Src\stm32f4xx_hal_i2s.o
 .debug_info    0x0000b721     0x1599 Drivers\STM32F4xx_HAL_Driver\Src\stm32f4xx_hal_i2s_ex.o
 .debug_info    0x0000ccba     0x1269 Drivers\STM32F4xx_HAL_Driver\Src\stm32f4xx_hal_rcc.o
 .debug_info    0x0000df23      0xe75 Drivers\STM32F4xx_HAL_Driver\Src\stm32f4xx_hal_rcc_ex.o
 .debug_info    0x0000ed98     0x23d2 Drivers\STM32F4xx_HAL_Driver\Src\stm32f4xx_hal_spi.o
 .debug_info    0x0001116a     0x3ba2 Drivers\STM32F4xx_HAL_Driver\Src\stm32f4xx_hal_tim.o
 .debug_info    0x00014d0c     0x19a5 Drivers\STM32F4xx_HAL_Driver\Src\stm32f4xx_hal_tim_ex.o
 .debug_info    0x000166b1     0x1f59 Drivers\STM32F4xx_HAL_Driver\Src\stm32f4xx_ll_usb.o
 .debug_info    0x0001860a     0x1eb1 Middlewares\ST\STM32_USB_Host_Library\Class\CDC\Src\usbh_cdc.o
 .debug_info    0x0001a4bb     0x1a1f Middlewares\ST\STM32_USB_Host_Library\Core\Src\usbh_core.o
 .debug_info    0x0001beda     0x1a8a Middlewares\ST\STM32_USB_Host_Library\Core\Src\usbh_ctlreq.o
 .debug_info    0x0001d964     0x1684 Middlewares\ST\STM32_USB_Host_Library\Core\Src\usbh_ioreq.o
 .debug_info    0x0001efe8     0x12e6 Middlewares\ST\STM32_USB_Host_Library\Core\Src\usbh_pipes.o
 .debug_info    0x000202ce     0x2fcf Src\main.o
 .debug_info    0x0002329d     0x2180 Src\stm32f4xx_hal_msp.o
 .debug_info    0x0002541d     0x1330 Src\stm32f4xx_it.o
 .debug_info    0x0002674d      0xd1c Src\system_stm32f4xx.o
 .debug_info    0x00027469     0x1256 Src\usb_host.o
 .debug_info    0x000286bf     0x23b3 Src\usbh_conf.o
 .debug_info    0x0002aa72      0xa65 Src\usbh_platform.o
 .debug_info    0x0002b4d7       0xa4 startup\startup_stm32f407xx.o

.debug_abbrev   0x00000000     0x5182
 .debug_abbrev  0x00000000      0x308 Drivers\STM32F4xx_HAL_Driver\Src\stm32f4xx_hal.o
 .debug_abbrev  0x00000308      0x321 Drivers\STM32F4xx_HAL_Driver\Src\stm32f4xx_hal_adc.o
 .debug_abbrev  0x00000629      0x399 Drivers\STM32F4xx_HAL_Driver\Src\stm32f4xx_hal_cortex.o
 .debug_abbrev  0x000009c2      0x268 Drivers\STM32F4xx_HAL_Driver\Src\stm32f4xx_hal_gpio.o
 .debug_abbrev  0x00000c2a      0x38b Drivers\STM32F4xx_HAL_Driver\Src\stm32f4xx_hal_hcd.o
 .debug_abbrev  0x00000fb5      0x3b4 Drivers\STM32F4xx_HAL_Driver\Src\stm32f4xx_hal_i2c.o
 .debug_abbrev  0x00001369      0x37b Drivers\STM32F4xx_HAL_Driver\Src\stm32f4xx_hal_i2s.o
 .debug_abbrev  0x000016e4      0x377 Drivers\STM32F4xx_HAL_Driver\Src\stm32f4xx_hal_i2s_ex.o
 .debug_abbrev  0x00001a5b      0x353 Drivers\STM32F4xx_HAL_Driver\Src\stm32f4xx_hal_rcc.o
 .debug_abbrev  0x00001dae      0x225 Drivers\STM32F4xx_HAL_Driver\Src\stm32f4xx_hal_rcc_ex.o
 .debug_abbrev  0x00001fd3      0x3ac Drivers\STM32F4xx_HAL_Driver\Src\stm32f4xx_hal_spi.o
 .debug_abbrev  0x0000237f      0x3ac Drivers\STM32F4xx_HAL_Driver\Src\stm32f4xx_hal_tim.o
 .debug_abbrev  0x0000272b      0x300 Drivers\STM32F4xx_HAL_Driver\Src\stm32f4xx_hal_tim_ex.o
 .debug_abbrev  0x00002a2b      0x380 Drivers\STM32F4xx_HAL_Driver\Src\stm32f4xx_ll_usb.o
 .debug_abbrev  0x00002dab      0x3ca Middlewares\ST\STM32_USB_Host_Library\Class\CDC\Src\usbh_cdc.o
 .debug_abbrev  0x00003175      0x3ce Middlewares\ST\STM32_USB_Host_Library\Core\Src\usbh_core.o
 .debug_abbrev  0x00003543      0x3b5 Middlewares\ST\STM32_USB_Host_Library\Core\Src\usbh_ctlreq.o
 .debug_abbrev  0x000038f8      0x271 Middlewares\ST\STM32_USB_Host_Library\Core\Src\usbh_ioreq.o
 .debug_abbrev  0x00003b69      0x2c6 Middlewares\ST\STM32_USB_Host_Library\Core\Src\usbh_pipes.o
 .debug_abbrev  0x00003e2f      0x47a Src\main.o
 .debug_abbrev  0x000042a9      0x2a6 Src\stm32f4xx_hal_msp.o
 .debug_abbrev  0x0000454f      0x242 Src\stm32f4xx_it.o
 .debug_abbrev  0x00004791      0x1ca Src\system_stm32f4xx.o
 .debug_abbrev  0x0000495b      0x29b Src\usb_host.o
 .debug_abbrev  0x00004bf6      0x392 Src\usbh_conf.o
 .debug_abbrev  0x00004f88      0x1e8 Src\usbh_platform.o
 .debug_abbrev  0x00005170       0x12 startup\startup_stm32f407xx.o

.debug_loc      0x00000000     0xf1c6
 .debug_loc     0x00000000      0x11b Drivers\STM32F4xx_HAL_Driver\Src\stm32f4xx_hal.o
 .debug_loc     0x0000011b      0x79c Drivers\STM32F4xx_HAL_Driver\Src\stm32f4xx_hal_adc.o
 .debug_loc     0x000008b7      0x4fb Drivers\STM32F4xx_HAL_Driver\Src\stm32f4xx_hal_cortex.o
 .debug_loc     0x00000db2      0x3cd Drivers\STM32F4xx_HAL_Driver\Src\stm32f4xx_hal_gpio.o
 .debug_loc     0x0000117f      0xa2e Drivers\STM32F4xx_HAL_Driver\Src\stm32f4xx_hal_hcd.o
 .debug_loc     0x00001bad     0x2bba Drivers\STM32F4xx_HAL_Driver\Src\stm32f4xx_hal_i2c.o
 .debug_loc     0x00004767      0xb83 Drivers\STM32F4xx_HAL_Driver\Src\stm32f4xx_hal_i2s.o
 .debug_loc     0x000052ea      0x7d2 Drivers\STM32F4xx_HAL_Driver\Src\stm32f4xx_hal_i2s_ex.o
 .debug_loc     0x00005abc      0x336 Drivers\STM32F4xx_HAL_Driver\Src\stm32f4xx_hal_rcc.o
 .debug_loc     0x00005df2      0x2cf Drivers\STM32F4xx_HAL_Driver\Src\stm32f4xx_hal_rcc_ex.o
 .debug_loc     0x000060c1     0x150f Drivers\STM32F4xx_HAL_Driver\Src\stm32f4xx_hal_spi.o
 .debug_loc     0x000075d0     0x30b2 Drivers\STM32F4xx_HAL_Driver\Src\stm32f4xx_hal_tim.o
 .debug_loc     0x0000a682      0x84a Drivers\STM32F4xx_HAL_Driver\Src\stm32f4xx_hal_tim_ex.o
 .debug_loc     0x0000aecc     0x1632 Drivers\STM32F4xx_HAL_Driver\Src\stm32f4xx_ll_usb.o
 .debug_loc     0x0000c4fe      0x6ca Middlewares\ST\STM32_USB_Host_Library\Class\CDC\Src\usbh_cdc.o
 .debug_loc     0x0000cbc8      0x71c Middlewares\ST\STM32_USB_Host_Library\Core\Src\usbh_core.o
 .debug_loc     0x0000d2e4      0xaa5 Middlewares\ST\STM32_USB_Host_Library\Core\Src\usbh_ctlreq.o
 .debug_loc     0x0000dd89      0x57d Middlewares\ST\STM32_USB_Host_Library\Core\Src\usbh_ioreq.o
 .debug_loc     0x0000e306      0x1a4 Middlewares\ST\STM32_USB_Host_Library\Core\Src\usbh_pipes.o
 .debug_loc     0x0000e4aa      0x228 Src\main.o
 .debug_loc     0x0000e6d2      0x238 Src\stm32f4xx_hal_msp.o
 .debug_loc     0x0000e90a      0x11c Src\system_stm32f4xx.o
 .debug_loc     0x0000ea26      0x754 Src\usbh_conf.o
 .debug_loc     0x0000f17a       0x4c Src\usbh_platform.o

.debug_aranges  0x00000000     0x11b8
 .debug_aranges
                0x00000000       0xd8 Drivers\STM32F4xx_HAL_Driver\Src\stm32f4xx_hal.o
 .debug_aranges
                0x000000d8       0xb8 Drivers\STM32F4xx_HAL_Driver\Src\stm32f4xx_hal_adc.o
 .debug_aranges
                0x00000190       0xa8 Drivers\STM32F4xx_HAL_Driver\Src\stm32f4xx_hal_cortex.o
 .debug_aranges
                0x00000238       0x58 Drivers\STM32F4xx_HAL_Driver\Src\stm32f4xx_hal_gpio.o
 .debug_aranges
                0x00000290       0xa0 Drivers\STM32F4xx_HAL_Driver\Src\stm32f4xx_hal_hcd.o
 .debug_aranges
                0x00000330      0x190 Drivers\STM32F4xx_HAL_Driver\Src\stm32f4xx_hal_i2c.o
 .debug_aranges
                0x000004c0       0xc8 Drivers\STM32F4xx_HAL_Driver\Src\stm32f4xx_hal_i2s.o
 .debug_aranges
                0x00000588       0x60 Drivers\STM32F4xx_HAL_Driver\Src\stm32f4xx_hal_i2s_ex.o
 .debug_aranges
                0x000005e8       0x88 Drivers\STM32F4xx_HAL_Driver\Src\stm32f4xx_hal_rcc.o
 .debug_aranges
                0x00000670       0x48 Drivers\STM32F4xx_HAL_Driver\Src\stm32f4xx_hal_rcc_ex.o
 .debug_aranges
                0x000006b8      0x180 Drivers\STM32F4xx_HAL_Driver\Src\stm32f4xx_hal_spi.o
 .debug_aranges
                0x00000838      0x250 Drivers\STM32F4xx_HAL_Driver\Src\stm32f4xx_hal_tim.o
 .debug_aranges
                0x00000a88       0xf0 Drivers\STM32F4xx_HAL_Driver\Src\stm32f4xx_hal_tim_ex.o
 .debug_aranges
                0x00000b78      0x178 Drivers\STM32F4xx_HAL_Driver\Src\stm32f4xx_ll_usb.o
 .debug_aranges
                0x00000cf0       0x78 Middlewares\ST\STM32_USB_Host_Library\Class\CDC\Src\usbh_cdc.o
 .debug_aranges
                0x00000d68       0x98 Middlewares\ST\STM32_USB_Host_Library\Core\Src\usbh_core.o
 .debug_aranges
                0x00000e00       0x68 Middlewares\ST\STM32_USB_Host_Library\Core\Src\usbh_ctlreq.o
 .debug_aranges
                0x00000e68       0x60 Middlewares\ST\STM32_USB_Host_Library\Core\Src\usbh_ioreq.o
 .debug_aranges
                0x00000ec8       0x38 Middlewares\ST\STM32_USB_Host_Library\Core\Src\usbh_pipes.o
 .debug_aranges
                0x00000f00       0x90 Src\main.o
 .debug_aranges
                0x00000f90       0x88 Src\stm32f4xx_hal_msp.o
 .debug_aranges
                0x00001018       0x40 Src\stm32f4xx_it.o
 .debug_aranges
                0x00001058       0x28 Src\system_stm32f4xx.o
 .debug_aranges
                0x00001080       0x30 Src\usb_host.o
 .debug_aranges
                0x000010b0       0xc0 Src\usbh_conf.o
 .debug_aranges
                0x00001170       0x20 Src\usbh_platform.o
 .debug_aranges
                0x00001190       0x28 startup\startup_stm32f407xx.o

.debug_ranges   0x00000000     0x1870
 .debug_ranges  0x00000000       0xc8 Drivers\STM32F4xx_HAL_Driver\Src\stm32f4xx_hal.o
 .debug_ranges  0x000000c8       0xc8 Drivers\STM32F4xx_HAL_Driver\Src\stm32f4xx_hal_adc.o
 .debug_ranges  0x00000190      0x138 Drivers\STM32F4xx_HAL_Driver\Src\stm32f4xx_hal_cortex.o
 .debug_ranges  0x000002c8       0x68 Drivers\STM32F4xx_HAL_Driver\Src\stm32f4xx_hal_gpio.o
 .debug_ranges  0x00000330      0x108 Drivers\STM32F4xx_HAL_Driver\Src\stm32f4xx_hal_hcd.o
 .debug_ranges  0x00000438      0x358 Drivers\STM32F4xx_HAL_Driver\Src\stm32f4xx_hal_i2c.o
 .debug_ranges  0x00000790       0xe8 Drivers\STM32F4xx_HAL_Driver\Src\stm32f4xx_hal_i2s.o
 .debug_ranges  0x00000878       0x80 Drivers\STM32F4xx_HAL_Driver\Src\stm32f4xx_hal_i2s_ex.o
 .debug_ranges  0x000008f8       0xb0 Drivers\STM32F4xx_HAL_Driver\Src\stm32f4xx_hal_rcc.o
 .debug_ranges  0x000009a8       0x50 Drivers\STM32F4xx_HAL_Driver\Src\stm32f4xx_hal_rcc_ex.o
 .debug_ranges  0x000009f8      0x1d0 Drivers\STM32F4xx_HAL_Driver\Src\stm32f4xx_hal_spi.o
 .debug_ranges  0x00000bc8      0x330 Drivers\STM32F4xx_HAL_Driver\Src\stm32f4xx_hal_tim.o
 .debug_ranges  0x00000ef8       0xe0 Drivers\STM32F4xx_HAL_Driver\Src\stm32f4xx_hal_tim_ex.o
 .debug_ranges  0x00000fd8      0x180 Drivers\STM32F4xx_HAL_Driver\Src\stm32f4xx_ll_usb.o
 .debug_ranges  0x00001158       0xc8 Middlewares\ST\STM32_USB_Host_Library\Class\CDC\Src\usbh_cdc.o
 .debug_ranges  0x00001220       0x88 Middlewares\ST\STM32_USB_Host_Library\Core\Src\usbh_core.o
 .debug_ranges  0x000012a8      0x120 Middlewares\ST\STM32_USB_Host_Library\Core\Src\usbh_ctlreq.o
 .debug_ranges  0x000013c8       0x50 Middlewares\ST\STM32_USB_Host_Library\Core\Src\usbh_ioreq.o
 .debug_ranges  0x00001418       0x48 Middlewares\ST\STM32_USB_Host_Library\Core\Src\usbh_pipes.o
 .debug_ranges  0x00001460      0x150 Src\main.o
 .debug_ranges  0x000015b0      0x160 Src\stm32f4xx_hal_msp.o
 .debug_ranges  0x00001710       0x30 Src\stm32f4xx_it.o
 .debug_ranges  0x00001740       0x18 Src\system_stm32f4xx.o
 .debug_ranges  0x00001758       0x20 Src\usb_host.o
 .debug_ranges  0x00001778       0xc8 Src\usbh_conf.o
 .debug_ranges  0x00001840       0x10 Src\usbh_platform.o
 .debug_ranges  0x00001850       0x20 startup\startup_stm32f407xx.o

.debug_line     0x00000000     0xade2
 .debug_line    0x00000000      0x492 Drivers\STM32F4xx_HAL_Driver\Src\stm32f4xx_hal.o
 .debug_line    0x00000492      0x758 Drivers\STM32F4xx_HAL_Driver\Src\stm32f4xx_hal_adc.o
 .debug_line    0x00000bea      0x4dc Drivers\STM32F4xx_HAL_Driver\Src\stm32f4xx_hal_cortex.o
 .debug_line    0x000010c6      0x47a Drivers\STM32F4xx_HAL_Driver\Src\stm32f4xx_hal_gpio.o
 .debug_line    0x00001540      0x648 Drivers\STM32F4xx_HAL_Driver\Src\stm32f4xx_hal_hcd.o
 .debug_line    0x00001b88     0x1887 Drivers\STM32F4xx_HAL_Driver\Src\stm32f4xx_hal_i2c.o
 .debug_line    0x0000340f      0x7e1 Drivers\STM32F4xx_HAL_Driver\Src\stm32f4xx_hal_i2s.o
 .debug_line    0x00003bf0      0x68e Drivers\STM32F4xx_HAL_Driver\Src\stm32f4xx_hal_i2s_ex.o
 .debug_line    0x0000427e      0x58b Drivers\STM32F4xx_HAL_Driver\Src\stm32f4xx_hal_rcc.o
 .debug_line    0x00004809      0x42d Drivers\STM32F4xx_HAL_Driver\Src\stm32f4xx_hal_rcc_ex.o
 .debug_line    0x00004c36      0xbb2 Drivers\STM32F4xx_HAL_Driver\Src\stm32f4xx_hal_spi.o
 .debug_line    0x000057e8     0x117f Drivers\STM32F4xx_HAL_Driver\Src\stm32f4xx_hal_tim.o
 .debug_line    0x00006967      0x6cb Drivers\STM32F4xx_HAL_Driver\Src\stm32f4xx_hal_tim_ex.o
 .debug_line    0x00007032      0x8eb Drivers\STM32F4xx_HAL_Driver\Src\stm32f4xx_ll_usb.o
 .debug_line    0x0000791d      0x589 Middlewares\ST\STM32_USB_Host_Library\Class\CDC\Src\usbh_cdc.o
 .debug_line    0x00007ea6      0x543 Middlewares\ST\STM32_USB_Host_Library\Core\Src\usbh_core.o
 .debug_line    0x000083e9      0x501 Middlewares\ST\STM32_USB_Host_Library\Core\Src\usbh_ctlreq.o
 .debug_line    0x000088ea      0x3d8 Middlewares\ST\STM32_USB_Host_Library\Core\Src\usbh_ioreq.o
 .debug_line    0x00008cc2      0x368 Middlewares\ST\STM32_USB_Host_Library\Core\Src\usbh_pipes.o
 .debug_line    0x0000902a      0x6cb Src\main.o
 .debug_line    0x000096f5      0x534 Src\stm32f4xx_hal_msp.o
 .debug_line    0x00009c29      0x347 Src\stm32f4xx_it.o
 .debug_line    0x00009f70      0x275 Src\system_stm32f4xx.o
 .debug_line    0x0000a1e5      0x377 Src\usb_host.o
 .debug_line    0x0000a55c      0x58a Src\usbh_conf.o
 .debug_line    0x0000aae6      0x27d Src\usbh_platform.o
 .debug_line    0x0000ad63       0x7f startup\startup_stm32f407xx.o

.debug_str      0x00000000     0x6f43
 .debug_str     0x00000000      0xf27 Drivers\STM32F4xx_HAL_Driver\Src\stm32f4xx_hal.o
                                0xfe6 (size before relaxing)
 .debug_str     0x00000f27      0x6b4 Drivers\STM32F4xx_HAL_Driver\Src\stm32f4xx_hal_adc.o
                                0xde6 (size before relaxing)
 .debug_str     0x000015db      0x3c3 Drivers\STM32F4xx_HAL_Driver\Src\stm32f4xx_hal_cortex.o
                               0x10bd (size before relaxing)
 .debug_str     0x0000199e      0x1cd Drivers\STM32F4xx_HAL_Driver\Src\stm32f4xx_hal_gpio.o
                                0x993 (size before relaxing)
 .debug_str     0x00001b6b      0x810 Drivers\STM32F4xx_HAL_Driver\Src\stm32f4xx_hal_hcd.o
                                0xf57 (size before relaxing)
 .debug_str     0x0000237b      0xa4b Drivers\STM32F4xx_HAL_Driver\Src\stm32f4xx_hal_i2c.o
                               0x13d9 (size before relaxing)
 .debug_str     0x00002dc6      0x414 Drivers\STM32F4xx_HAL_Driver\Src\stm32f4xx_hal_i2s.o
                                0xdc3 (size before relaxing)
 .debug_str     0x000031da      0x1d1 Drivers\STM32F4xx_HAL_Driver\Src\stm32f4xx_hal_i2s_ex.o
                                0xcf7 (size before relaxing)
 .debug_str     0x000033ab      0x2c9 Drivers\STM32F4xx_HAL_Driver\Src\stm32f4xx_hal_rcc.o
                                0xb66 (size before relaxing)
 .debug_str     0x00003674      0x15e Drivers\STM32F4xx_HAL_Driver\Src\stm32f4xx_hal_rcc_ex.o
                                0x95f (size before relaxing)
 .debug_str     0x000037d2      0x5f9 Drivers\STM32F4xx_HAL_Driver\Src\stm32f4xx_hal_spi.o
                               0x101d (size before relaxing)
 .debug_str     0x00003dcb      0xed0 Drivers\STM32F4xx_HAL_Driver\Src\stm32f4xx_hal_tim.o
                               0x1858 (size before relaxing)
 .debug_str     0x00004c9b      0x50d Drivers\STM32F4xx_HAL_Driver\Src\stm32f4xx_hal_tim_ex.o
                               0x1118 (size before relaxing)
 .debug_str     0x000051a8      0x450 Drivers\STM32F4xx_HAL_Driver\Src\stm32f4xx_ll_usb.o
                               0x1043 (size before relaxing)
 .debug_str     0x000055f8      0xe70 Middlewares\ST\STM32_USB_Host_Library\Class\CDC\Src\usbh_cdc.o
                               0x15b9 (size before relaxing)
 .debug_str     0x00006468      0x26e Middlewares\ST\STM32_USB_Host_Library\Core\Src\usbh_core.o
                               0x110e (size before relaxing)
 .debug_str     0x000066d6      0x1db Middlewares\ST\STM32_USB_Host_Library\Core\Src\usbh_ctlreq.o
                               0x1128 (size before relaxing)
 .debug_str     0x000068b1       0xb2 Middlewares\ST\STM32_USB_Host_Library\Core\Src\usbh_ioreq.o
                                0xf5d (size before relaxing)
 .debug_str     0x00006963       0x80 Middlewares\ST\STM32_USB_Host_Library\Core\Src\usbh_pipes.o
                                0xef3 (size before relaxing)
 .debug_str     0x000069e3      0x337 Src\main.o
                               0x2016 (size before relaxing)
 .debug_str     0x00006d1a       0x2e Src\stm32f4xx_hal_msp.o
                               0x1973 (size before relaxing)
 .debug_str     0x00006d48       0x8c Src\stm32f4xx_it.o
                                0xefb (size before relaxing)
 .debug_str     0x00006dd4       0x45 Src\system_stm32f4xx.o
                                0x7f7 (size before relaxing)
 .debug_str     0x00006e19       0x99 Src\usb_host.o
                                0xf13 (size before relaxing)
 .debug_str     0x00006eb2       0x7a Src\usbh_conf.o
                               0x1d1f (size before relaxing)
 .debug_str     0x00006f2c       0x17 Src\usbh_platform.o
                                0x705 (size before relaxing)

.comment        0x00000000       0x7c
 .comment       0x00000000       0x7c Drivers\STM32F4xx_HAL_Driver\Src\stm32f4xx_hal.o
                                 0x7d (size before relaxing)
 .comment       0x0000007c       0x7d Drivers\STM32F4xx_HAL_Driver\Src\stm32f4xx_hal_adc.o
 .comment       0x0000007c       0x7d Drivers\STM32F4xx_HAL_Driver\Src\stm32f4xx_hal_cortex.o
 .comment       0x0000007c       0x7d Drivers\STM32F4xx_HAL_Driver\Src\stm32f4xx_hal_gpio.o
 .comment       0x0000007c       0x7d Drivers\STM32F4xx_HAL_Driver\Src\stm32f4xx_hal_hcd.o
 .comment       0x0000007c       0x7d Drivers\STM32F4xx_HAL_Driver\Src\stm32f4xx_hal_i2c.o
 .comment       0x0000007c       0x7d Drivers\STM32F4xx_HAL_Driver\Src\stm32f4xx_hal_i2s.o
 .comment       0x0000007c       0x7d Drivers\STM32F4xx_HAL_Driver\Src\stm32f4xx_hal_i2s_ex.o
 .comment       0x0000007c       0x7d Drivers\STM32F4xx_HAL_Driver\Src\stm32f4xx_hal_rcc.o
 .comment       0x0000007c       0x7d Drivers\STM32F4xx_HAL_Driver\Src\stm32f4xx_hal_rcc_ex.o
 .comment       0x0000007c       0x7d Drivers\STM32F4xx_HAL_Driver\Src\stm32f4xx_hal_spi.o
 .comment       0x0000007c       0x7d Drivers\STM32F4xx_HAL_Driver\Src\stm32f4xx_hal_tim.o
 .comment       0x0000007c       0x7d Drivers\STM32F4xx_HAL_Driver\Src\stm32f4xx_hal_tim_ex.o
 .comment       0x0000007c       0x7d Drivers\STM32F4xx_HAL_Driver\Src\stm32f4xx_ll_usb.o
 .comment       0x0000007c       0x7d Middlewares\ST\STM32_USB_Host_Library\Class\CDC\Src\usbh_cdc.o
 .comment       0x0000007c       0x7d Middlewares\ST\STM32_USB_Host_Library\Core\Src\usbh_core.o
 .comment       0x0000007c       0x7d Middlewares\ST\STM32_USB_Host_Library\Core\Src\usbh_ctlreq.o
 .comment       0x0000007c       0x7d Middlewares\ST\STM32_USB_Host_Library\Core\Src\usbh_ioreq.o
 .comment       0x0000007c       0x7d Middlewares\ST\STM32_USB_Host_Library\Core\Src\usbh_pipes.o
 .comment       0x0000007c       0x7d Src\main.o
 .comment       0x0000007c       0x7d Src\stm32f4xx_hal_msp.o
 .comment       0x0000007c       0x7d Src\stm32f4xx_it.o
 .comment       0x0000007c       0x7d Src\system_stm32f4xx.o
 .comment       0x0000007c       0x7d Src\usb_host.o
 .comment       0x0000007c       0x7d Src\usbh_conf.o
 .comment       0x0000007c       0x7d Src\usbh_platform.o

.debug_frame    0x00000000     0x3834
 .debug_frame   0x00000000      0x1d0 Drivers\STM32F4xx_HAL_Driver\Src\stm32f4xx_hal.o
 .debug_frame   0x000001d0      0x244 Drivers\STM32F4xx_HAL_Driver\Src\stm32f4xx_hal_adc.o
 .debug_frame   0x00000414      0x158 Drivers\STM32F4xx_HAL_Driver\Src\stm32f4xx_hal_cortex.o
 .debug_frame   0x0000056c       0xd8 Drivers\STM32F4xx_HAL_Driver\Src\stm32f4xx_hal_gpio.o
 .debug_frame   0x00000644      0x1f0 Drivers\STM32F4xx_HAL_Driver\Src\stm32f4xx_hal_hcd.o
 .debug_frame   0x00000834      0x684 Drivers\STM32F4xx_HAL_Driver\Src\stm32f4xx_hal_i2c.o
 .debug_frame   0x00000eb8      0x278 Drivers\STM32F4xx_HAL_Driver\Src\stm32f4xx_hal_i2s.o
 .debug_frame   0x00001130      0x128 Drivers\STM32F4xx_HAL_Driver\Src\stm32f4xx_hal_i2s_ex.o
 .debug_frame   0x00001258      0x13c Drivers\STM32F4xx_HAL_Driver\Src\stm32f4xx_hal_rcc.o
 .debug_frame   0x00001394       0xac Drivers\STM32F4xx_HAL_Driver\Src\stm32f4xx_hal_rcc_ex.o
 .debug_frame   0x00001440      0x560 Drivers\STM32F4xx_HAL_Driver\Src\stm32f4xx_hal_spi.o
 .debug_frame   0x000019a0      0x854 Drivers\STM32F4xx_HAL_Driver\Src\stm32f4xx_hal_tim.o
 .debug_frame   0x000021f4      0x330 Drivers\STM32F4xx_HAL_Driver\Src\stm32f4xx_hal_tim_ex.o
 .debug_frame   0x00002524      0x468 Drivers\STM32F4xx_HAL_Driver\Src\stm32f4xx_ll_usb.o
 .debug_frame   0x0000298c      0x148 Middlewares\ST\STM32_USB_Host_Library\Class\CDC\Src\usbh_cdc.o
 .debug_frame   0x00002ad4      0x16c Middlewares\ST\STM32_USB_Host_Library\Core\Src\usbh_core.o
 .debug_frame   0x00002c40      0x10c Middlewares\ST\STM32_USB_Host_Library\Core\Src\usbh_ctlreq.o
 .debug_frame   0x00002d4c      0x130 Middlewares\ST\STM32_USB_Host_Library\Core\Src\usbh_ioreq.o
 .debug_frame   0x00002e7c       0x70 Middlewares\ST\STM32_USB_Host_Library\Core\Src\usbh_pipes.o
 .debug_frame   0x00002eec      0x1a0 Src\main.o
 .debug_frame   0x0000308c      0x198 Src\stm32f4xx_hal_msp.o
 .debug_frame   0x00003224       0x7c Src\stm32f4xx_it.o
 .debug_frame   0x000032a0       0x38 Src\system_stm32f4xx.o
 .debug_frame   0x000032d8       0x4c Src\usb_host.o
 .debug_frame   0x00003324      0x1d8 Src\usbh_conf.o
 .debug_frame   0x000034fc       0x20 Src\usbh_platform.o
 .debug_frame   0x0000351c       0x2c c:/program files (x86)/atollic/truestudio for stm32 9.0.1/armtools/bin/../lib/gcc/arm-atollic-eabi/6.3.1/../../../../arm-atollic-eabi/lib/armv7e-m/fpu\libc_nano.a(lib_a-init.o)
 .debug_frame   0x00003548       0x30 c:/program files (x86)/atollic/truestudio for stm32 9.0.1/armtools/bin/../lib/gcc/arm-atollic-eabi/6.3.1/../../../../arm-atollic-eabi/lib/armv7e-m/fpu\libc_nano.a(lib_a-malloc.o)
 .debug_frame   0x00003578       0x38 c:/program files (x86)/atollic/truestudio for stm32 9.0.1/armtools/bin/../lib/gcc/arm-atollic-eabi/6.3.1/../../../../arm-atollic-eabi/lib/armv7e-m/fpu\libc_nano.a(lib_a-nano-freer.o)
 .debug_frame   0x000035b0       0x2c c:/program files (x86)/atollic/truestudio for stm32 9.0.1/armtools/bin/../lib/gcc/arm-atollic-eabi/6.3.1/../../../../arm-atollic-eabi/lib/armv7e-m/fpu\libc_nano.a(lib_a-nano-mallocr.o)
 .debug_frame   0x000035dc       0x2c c:/program files (x86)/atollic/truestudio for stm32 9.0.1/armtools/bin/../lib/gcc/arm-atollic-eabi/6.3.1/../../../../arm-atollic-eabi/lib/armv7e-m/fpu\libc_nano.a(lib_a-sbrkr.o)
 .debug_frame   0x00003608       0x30 c:/program files (x86)/atollic/truestudio for stm32 9.0.1/armtools/bin/../lib/gcc/arm-atollic-eabi/6.3.1/../../../../arm-atollic-eabi/lib/armv7e-m/fpu\libc_nano.a(lib_a-mlock.o)
 .debug_frame   0x00003638       0x5c c:/program files (x86)/atollic/truestudio for stm32 9.0.1/armtools/bin/../lib/gcc/arm-atollic-eabi/6.3.1/../../../../arm-atollic-eabi/lib/armv7e-m/fpu\libc_nano.a(lib_a-reent.o)
 .debug_frame   0x00003694       0xac c:/program files (x86)/atollic/truestudio for stm32 9.0.1/armtools/bin/../lib/gcc/arm-atollic-eabi/6.3.1/armv7e-m/fpu\libgcc.a(_arm_addsubdf3.o)
 .debug_frame   0x00003740       0x50 c:/program files (x86)/atollic/truestudio for stm32 9.0.1/armtools/bin/../lib/gcc/arm-atollic-eabi/6.3.1/armv7e-m/fpu\libgcc.a(_arm_muldivdf3.o)
 .debug_frame   0x00003790       0x24 c:/program files (x86)/atollic/truestudio for stm32 9.0.1/armtools/bin/../lib/gcc/arm-atollic-eabi/6.3.1/armv7e-m/fpu\libgcc.a(_arm_fixunsdfsi.o)
 .debug_frame   0x000037b4       0x2c c:/program files (x86)/atollic/truestudio for stm32 9.0.1/armtools/bin/../lib/gcc/arm-atollic-eabi/6.3.1/armv7e-m/fpu\libgcc.a(_aeabi_uldivmod.o)
 .debug_frame   0x000037e0       0x34 c:/program files (x86)/atollic/truestudio for stm32 9.0.1/armtools/bin/../lib/gcc/arm-atollic-eabi/6.3.1/armv7e-m/fpu\libgcc.a(_udivmoddi4.o)
 .debug_frame   0x00003814       0x20 c:/program files (x86)/atollic/truestudio for stm32 9.0.1/armtools/bin/../lib/gcc/arm-atollic-eabi/6.3.1/../../../../arm-atollic-eabi/lib/armv7e-m/fpu\libnosys.a(sbrk.o)
